Archive member included to satisfy reference by file (symbol)

c:/st/stm32cubeide_1.10.1/stm32cubeide/plugins/com.st.stm32cube.ide.mcu.externaltools.gnu-tools-for-stm32.10.3-2021.10.win32_1.0.0.202111181127/tools/bin/../lib/gcc/arm-none-eabi/10.3.1/../../../../arm-none-eabi/lib/thumb/v7e-m+fp/hard\libc_nano.a(lib_a-errno.o)
                              ./Core/Src/syscalls.o (__errno)
c:/st/stm32cubeide_1.10.1/stm32cubeide/plugins/com.st.stm32cube.ide.mcu.externaltools.gnu-tools-for-stm32.10.3-2021.10.win32_1.0.0.202111181127/tools/bin/../lib/gcc/arm-none-eabi/10.3.1/../../../../arm-none-eabi/lib/thumb/v7e-m+fp/hard\libc_nano.a(lib_a-exit.o)
                              c:/st/stm32cubeide_1.10.1/stm32cubeide/plugins/com.st.stm32cube.ide.mcu.externaltools.gnu-tools-for-stm32.10.3-2021.10.win32_1.0.0.202111181127/tools/bin/../lib/gcc/arm-none-eabi/10.3.1/../../../../arm-none-eabi/lib/thumb/v7e-m+fp/hard/crt0.o (exit)
c:/st/stm32cubeide_1.10.1/stm32cubeide/plugins/com.st.stm32cube.ide.mcu.externaltools.gnu-tools-for-stm32.10.3-2021.10.win32_1.0.0.202111181127/tools/bin/../lib/gcc/arm-none-eabi/10.3.1/../../../../arm-none-eabi/lib/thumb/v7e-m+fp/hard\libc_nano.a(lib_a-impure.o)
                              c:/st/stm32cubeide_1.10.1/stm32cubeide/plugins/com.st.stm32cube.ide.mcu.externaltools.gnu-tools-for-stm32.10.3-2021.10.win32_1.0.0.202111181127/tools/bin/../lib/gcc/arm-none-eabi/10.3.1/../../../../arm-none-eabi/lib/thumb/v7e-m+fp/hard\libc_nano.a(lib_a-exit.o) (_global_impure_ptr)
c:/st/stm32cubeide_1.10.1/stm32cubeide/plugins/com.st.stm32cube.ide.mcu.externaltools.gnu-tools-for-stm32.10.3-2021.10.win32_1.0.0.202111181127/tools/bin/../lib/gcc/arm-none-eabi/10.3.1/../../../../arm-none-eabi/lib/thumb/v7e-m+fp/hard\libc_nano.a(lib_a-init.o)
                              c:/st/stm32cubeide_1.10.1/stm32cubeide/plugins/com.st.stm32cube.ide.mcu.externaltools.gnu-tools-for-stm32.10.3-2021.10.win32_1.0.0.202111181127/tools/bin/../lib/gcc/arm-none-eabi/10.3.1/../../../../arm-none-eabi/lib/thumb/v7e-m+fp/hard/crt0.o (__libc_init_array)
c:/st/stm32cubeide_1.10.1/stm32cubeide/plugins/com.st.stm32cube.ide.mcu.externaltools.gnu-tools-for-stm32.10.3-2021.10.win32_1.0.0.202111181127/tools/bin/../lib/gcc/arm-none-eabi/10.3.1/../../../../arm-none-eabi/lib/thumb/v7e-m+fp/hard\libc_nano.a(lib_a-memset.o)
                              c:/st/stm32cubeide_1.10.1/stm32cubeide/plugins/com.st.stm32cube.ide.mcu.externaltools.gnu-tools-for-stm32.10.3-2021.10.win32_1.0.0.202111181127/tools/bin/../lib/gcc/arm-none-eabi/10.3.1/../../../../arm-none-eabi/lib/thumb/v7e-m+fp/hard/crt0.o (memset)
c:/st/stm32cubeide_1.10.1/stm32cubeide/plugins/com.st.stm32cube.ide.mcu.externaltools.gnu-tools-for-stm32.10.3-2021.10.win32_1.0.0.202111181127/tools/bin/../lib/gcc/arm-none-eabi/10.3.1/thumb/v7e-m+fp/hard\libgcc.a(_aeabi_uldivmod.o)
                              ./Drivers/STM32F7xx_HAL_Driver/Src/stm32f7xx_hal_rcc.o (__aeabi_uldivmod)
c:/st/stm32cubeide_1.10.1/stm32cubeide/plugins/com.st.stm32cube.ide.mcu.externaltools.gnu-tools-for-stm32.10.3-2021.10.win32_1.0.0.202111181127/tools/bin/../lib/gcc/arm-none-eabi/10.3.1/thumb/v7e-m+fp/hard\libgcc.a(_udivmoddi4.o)
                              c:/st/stm32cubeide_1.10.1/stm32cubeide/plugins/com.st.stm32cube.ide.mcu.externaltools.gnu-tools-for-stm32.10.3-2021.10.win32_1.0.0.202111181127/tools/bin/../lib/gcc/arm-none-eabi/10.3.1/thumb/v7e-m+fp/hard\libgcc.a(_aeabi_uldivmod.o) (__udivmoddi4)
c:/st/stm32cubeide_1.10.1/stm32cubeide/plugins/com.st.stm32cube.ide.mcu.externaltools.gnu-tools-for-stm32.10.3-2021.10.win32_1.0.0.202111181127/tools/bin/../lib/gcc/arm-none-eabi/10.3.1/thumb/v7e-m+fp/hard\libgcc.a(_dvmd_tls.o)
                              c:/st/stm32cubeide_1.10.1/stm32cubeide/plugins/com.st.stm32cube.ide.mcu.externaltools.gnu-tools-for-stm32.10.3-2021.10.win32_1.0.0.202111181127/tools/bin/../lib/gcc/arm-none-eabi/10.3.1/thumb/v7e-m+fp/hard\libgcc.a(_aeabi_uldivmod.o) (__aeabi_ldiv0)

Discarded input sections

 .text          0x0000000000000000        0x0 c:/st/stm32cubeide_1.10.1/stm32cubeide/plugins/com.st.stm32cube.ide.mcu.externaltools.gnu-tools-for-stm32.10.3-2021.10.win32_1.0.0.202111181127/tools/bin/../lib/gcc/arm-none-eabi/10.3.1/thumb/v7e-m+fp/hard/crti.o
 .data          0x0000000000000000        0x0 c:/st/stm32cubeide_1.10.1/stm32cubeide/plugins/com.st.stm32cube.ide.mcu.externaltools.gnu-tools-for-stm32.10.3-2021.10.win32_1.0.0.202111181127/tools/bin/../lib/gcc/arm-none-eabi/10.3.1/thumb/v7e-m+fp/hard/crti.o
 .bss           0x0000000000000000        0x0 c:/st/stm32cubeide_1.10.1/stm32cubeide/plugins/com.st.stm32cube.ide.mcu.externaltools.gnu-tools-for-stm32.10.3-2021.10.win32_1.0.0.202111181127/tools/bin/../lib/gcc/arm-none-eabi/10.3.1/thumb/v7e-m+fp/hard/crti.o
[...]
Memory Configuration

Name             Origin             Length             Attributes
RAM              0x0000000020000000 0x0000000000050000 xrw
FLASH            0x0000000008000000 0x0000000000100000 xr
*default*        0x0000000000000000 0xffffffffffffffff

Linker script and memory map

LOAD c:/st/stm32cubeide_1.10.1/stm32cubeide/plugins/com.st.stm32cube.ide.mcu.externaltools.gnu-tools-for-stm32.10.3-2021.10.win32_1.0.0.202111181127/tools/bin/../lib/gcc/arm-none-eabi/10.3.1/thumb/v7e-m+fp/hard/crti.o
LOAD c:/st/stm32cubeide_1.10.1/stm32cubeide/plugins/com.st.stm32cube.ide.mcu.externaltools.gnu-tools-for-stm32.10.3-2021.10.win32_1.0.0.202111181127/tools/bin/../lib/gcc/arm-none-eabi/10.3.1/thumb/v7e-m+fp/hard/crtbegin.o
LOAD c:/st/stm32cubeide_1.10.1/stm32cubeide/plugins/com.st.stm32cube.ide.mcu.externaltools.gnu-tools-for-stm32.10.3-2021.10.win32_1.0.0.202111181127/tools/bin/../lib/gcc/arm-none-eabi/10.3.1/../../../../arm-none-eabi/lib/thumb/v7e-m+fp/hard/crt0.o
LOAD ./Core/Src/controller.o
LOAD ./Core/Src/gpio.o
LOAD ./Core/Src/hcsr04.o
LOAD ./Core/Src/main.o
LOAD ./Core/Src/motor.o
LOAD ./Core/Src/robot.o
LOAD ./Core/Src/stm32f7xx_hal_msp.o
LOAD ./Core/Src/stm32f7xx_it.o
LOAD ./Core/Src/syscalls.o
LOAD ./Core/Src/sysmem.o
LOAD ./Core/Src/system_stm32f7xx.o
LOAD ./Core/Src/tim.o
LOAD ./Core/Src/usart.o
LOAD ./Core/Src/usb_otg.o
LOAD ./Core/Startup/startup_stm32f746zgtx.o
LOAD ./Drivers/STM32F7xx_HAL_Driver/Src/stm32f7xx_hal.o
LOAD ./Drivers/STM32F7xx_HAL_Driver/Src/stm32f7xx_hal_cortex.o
LOAD ./Drivers/STM32F7xx_HAL_Driver/Src/stm32f7xx_hal_dma.o
LOAD ./Drivers/STM32F7xx_HAL_Driver/Src/stm32f7xx_hal_dma_ex.o
LOAD ./Drivers/STM32F7xx_HAL_Driver/Src/stm32f7xx_hal_exti.o
LOAD ./Drivers/STM32F7xx_HAL_Driver/Src/stm32f7xx_hal_flash.o
LOAD ./Drivers/STM32F7xx_HAL_Driver/Src/stm32f7xx_hal_flash_ex.o
LOAD ./Drivers/STM32F7xx_HAL_Driver/Src/stm32f7xx_hal_gpio.o
LOAD ./Drivers/STM32F7xx_HAL_Driver/Src/stm32f7xx_hal_i2c.o
LOAD ./Drivers/STM32F7xx_HAL_Driver/Src/stm32f7xx_hal_i2c_ex.o
LOAD ./Drivers/STM32F7xx_HAL_Driver/Src/stm32f7xx_hal_pcd.o
LOAD ./Drivers/STM32F7xx_HAL_Driver/Src/stm32f7xx_hal_pcd_ex.o
LOAD ./Drivers/STM32F7xx_HAL_Driver/Src/stm32f7xx_hal_pwr.o
LOAD ./Drivers/STM32F7xx_HAL_Driver/Src/stm32f7xx_hal_pwr_ex.o
LOAD ./Drivers/STM32F7xx_HAL_Driver/Src/stm32f7xx_hal_rcc.o
LOAD ./Drivers/STM32F7xx_HAL_Driver/Src/stm32f7xx_hal_rcc_ex.o
LOAD ./Drivers/STM32F7xx_HAL_Driver/Src/stm32f7xx_hal_tim.o
LOAD ./Drivers/STM32F7xx_HAL_Driver/Src/stm32f7xx_hal_tim_ex.o
LOAD ./Drivers/STM32F7xx_HAL_Driver/Src/stm32f7xx_hal_uart.o
LOAD ./Drivers/STM32F7xx_HAL_Driver/Src/stm32f7xx_hal_uart_ex.o
LOAD ./Drivers/STM32F7xx_HAL_Driver/Src/stm32f7xx_ll_usb.o
START GROUP
LOAD c:/st/stm32cubeide_1.10.1/stm32cubeide/plugins/com.st.stm32cube.ide.mcu.externaltools.gnu-tools-for-stm32.10.3-2021.10.win32_1.0.0.202111181127/tools/bin/../lib/gcc/arm-none-eabi/10.3.1/../../../../arm-none-eabi/lib/thumb/v7e-m+fp/hard\libc_nano.a
LOAD c:/st/stm32cubeide_1.10.1/stm32cubeide/plugins/com.st.stm32cube.ide.mcu.externaltools.gnu-tools-for-stm32.10.3-2021.10.win32_1.0.0.202111181127/tools/bin/../lib/gcc/arm-none-eabi/10.3.1/../../../../arm-none-eabi/lib/thumb/v7e-m+fp/hard\libm.a
END GROUP
START GROUP
LOAD c:/st/stm32cubeide_1.10.1/stm32cubeide/plugins/com.st.stm32cube.ide.mcu.externaltools.gnu-tools-for-stm32.10.3-2021.10.win32_1.0.0.202111181127/tools/bin/../lib/gcc/arm-none-eabi/10.3.1/thumb/v7e-m+fp/hard\libgcc.a
LOAD c:/st/stm32cubeide_1.10.1/stm32cubeide/plugins/com.st.stm32cube.ide.mcu.externaltools.gnu-tools-for-stm32.10.3-2021.10.win32_1.0.0.202111181127/tools/bin/../lib/gcc/arm-none-eabi/10.3.1/../../../../arm-none-eabi/lib/thumb/v7e-m+fp/hard\libc_nano.a
END GROUP
START GROUP
LOAD c:/st/stm32cubeide_1.10.1/stm32cubeide/plugins/com.st.stm32cube.ide.mcu.externaltools.gnu-tools-for-stm32.10.3-2021.10.win32_1.0.0.202111181127/tools/bin/../lib/gcc/arm-none-eabi/10.3.1/thumb/v7e-m+fp/hard\libgcc.a
LOAD c:/st/stm32cubeide_1.10.1/stm32cubeide/plugins/com.st.stm32cube.ide.mcu.externaltools.gnu-tools-for-stm32.10.3-2021.10.win32_1.0.0.202111181127/tools/bin/../lib/gcc/arm-none-eabi/10.3.1/../../../../arm-none-eabi/lib/thumb/v7e-m+fp/hard\libc_nano.a
LOAD c:/st/stm32cubeide_1.10.1/stm32cubeide/plugins/com.st.stm32cube.ide.mcu.externaltools.gnu-tools-for-stm32.10.3-2021.10.win32_1.0.0.202111181127/tools/bin/../lib/gcc/arm-none-eabi/10.3.1/../../../../arm-none-eabi/lib/thumb/v7e-m+fp/hard\libnosys.a
END GROUP
START GROUP
LOAD c:/st/stm32cubeide_1.10.1/stm32cubeide/plugins/com.st.stm32cube.ide.mcu.externaltools.gnu-tools-for-stm32.10.3-2021.10.win32_1.0.0.202111181127/tools/bin/../lib/gcc/arm-none-eabi/10.3.1/thumb/v7e-m+fp/hard\libgcc.a
LOAD c:/st/stm32cubeide_1.10.1/stm32cubeide/plugins/com.st.stm32cube.ide.mcu.externaltools.gnu-tools-for-stm32.10.3-2021.10.win32_1.0.0.202111181127/tools/bin/../lib/gcc/arm-none-eabi/10.3.1/../../../../arm-none-eabi/lib/thumb/v7e-m+fp/hard\libc_nano.a
LOAD c:/st/stm32cubeide_1.10.1/stm32cubeide/plugins/com.st.stm32cube.ide.mcu.externaltools.gnu-tools-for-stm32.10.3-2021.10.win32_1.0.0.202111181127/tools/bin/../lib/gcc/arm-none-eabi/10.3.1/../../../../arm-none-eabi/lib/thumb/v7e-m+fp/hard\libnosys.a
END GROUP
LOAD c:/st/stm32cubeide_1.10.1/stm32cubeide/plugins/com.st.stm32cube.ide.mcu.externaltools.gnu-tools-for-stm32.10.3-2021.10.win32_1.0.0.202111181127/tools/bin/../lib/gcc/arm-none-eabi/10.3.1/thumb/v7e-m+fp/hard/crtend.o
LOAD c:/st/stm32cubeide_1.10.1/stm32cubeide/plugins/com.st.stm32cube.ide.mcu.externaltools.gnu-tools-for-stm32.10.3-2021.10.win32_1.0.0.202111181127/tools/bin/../lib/gcc/arm-none-eabi/10.3.1/thumb/v7e-m+fp/hard/crtn.o
                0x0000000020050000                _estack = (ORIGIN (RAM) + LENGTH (RAM))
                0x0000000000000200                _Min_Heap_Size = 0x200
                0x0000000000000400                _Min_Stack_Size = 0x400

.isr_vector     0x0000000008000000      0x1c8
                0x0000000008000000                . = ALIGN (0x4)
 *(.isr_vector)
 .isr_vector    0x0000000008000000      0x1c8 ./Core/Startup/startup_stm32f746zgtx.o
                0x0000000008000000                g_pfnVectors
                0x00000000080001c8                . = ALIGN (0x4)

.text           0x00000000080001c8     0x5c88
                0x00000000080001c8                . = ALIGN (0x4)
 *(.text)
 .text          0x00000000080001c8       0x40 c:/st/stm32cubeide_1.10.1/stm32cubeide/plugins/com.st.stm32cube.ide.mcu.externaltools.gnu-tools-for-stm32.10.3-2021.10.win32_1.0.0.202111181127/tools/bin/../lib/gcc/arm-none-eabi/10.3.1/thumb/v7e-m+fp/hard/crtbegin.o
 .text          0x0000000008000208       0x30 c:/st/stm32cubeide_1.10.1/stm32cubeide/plugins/com.st.stm32cube.ide.mcu.externaltools.gnu-tools-for-stm32.10.3-2021.10.win32_1.0.0.202111181127/tools/bin/../lib/gcc/arm-none-eabi/10.3.1/thumb/v7e-m+fp/hard\libgcc.a(_aeabi_uldivmod.o)
                0x0000000008000208                __aeabi_uldivmod
 .text          0x0000000008000238      0x2d0 c:/st/stm32cubeide_1.10.1/stm32cubeide/plugins/com.st.stm32cube.ide.mcu.externaltools.gnu-tools-for-stm32.10.3-2021.10.win32_1.0.0.202111181127/tools/bin/../lib/gcc/arm-none-eabi/10.3.1/thumb/v7e-m+fp/hard\libgcc.a(_udivmoddi4.o)
                0x0000000008000238                __udivmoddi4
 .text          0x0000000008000508        0x4 c:/st/stm32cubeide_1.10.1/stm32cubeide/plugins/com.st.stm32cube.ide.mcu.externaltools.gnu-tools-for-stm32.10.3-2021.10.win32_1.0.0.202111181127/tools/bin/../lib/gcc/arm-none-eabi/10.3.1/thumb/v7e-m+fp/hard\libgcc.a(_dvmd_tls.o)
                0x0000000008000508                __aeabi_idiv0
                0x0000000008000508                __aeabi_ldiv0
 *(.text*)
 .text.controller_init
                0x000000000800050c       0x4e ./Core/Src/controller.o
                0x000000000800050c                controller_init
 *fill*         0x000000000800055a        0x2 
 .text.controller_control_signal
                0x000000000800055c       0xe4 ./Core/Src/controller.o
                0x000000000800055c                controller_control_signal
 .text.MX_GPIO_Init
                0x0000000008000640      0x208 ./Core/Src/gpio.o
                0x0000000008000640                MX_GPIO_Init
 .text.hc_sr04_init
                0x0000000008000848       0x44 ./Core/Src/hcsr04.o
                0x0000000008000848                hc_sr04_init
 .text.hc_sr04_convert_us_to_cm
                0x000000000800088c       0x2c ./Core/Src/hcsr04.o
                0x000000000800088c                hc_sr04_convert_us_to_cm
 .text.HAL_TIM_IC_CaptureCallback
                0x00000000080008b8       0x64 ./Core/Src/main.o
                0x00000000080008b8                HAL_TIM_IC_CaptureCallback
 .text.HAL_TIM_PeriodElapsedCallback
                0x000000000800091c       0x78 ./Core/Src/main.o
                0x000000000800091c                HAL_TIM_PeriodElapsedCallback
 .text.main     0x0000000008000994       0xe8 ./Core/Src/main.o
                0x0000000008000994                main
 .text.SystemClock_Config
                0x0000000008000a7c       0xd0 ./Core/Src/main.o
                0x0000000008000a7c                SystemClock_Config
 .text.Error_Handler
                0x0000000008000b4c        0xa ./Core/Src/main.o
                0x0000000008000b4c                Error_Handler
 .text.motor_init
                0x0000000008000b56       0x54 ./Core/Src/motor.o
                0x0000000008000b56                motor_init
 .text.motor_update_duty
                0x0000000008000baa      0x102 ./Core/Src/motor.o
                0x0000000008000baa                motor_update_duty
 .text.motor_set_direction
                0x0000000008000cac       0x5c ./Core/Src/motor.o
                0x0000000008000cac                motor_set_direction
 .text.motor_stop
                0x0000000008000d08       0x9e ./Core/Src/motor.o
                0x0000000008000d08                motor_stop
 .text.robot_init
                0x0000000008000da6       0x44 ./Core/Src/robot.o
                0x0000000008000da6                robot_init
 .text.robot_linear_update
                0x0000000008000dea       0x48 ./Core/Src/robot.o
                0x0000000008000dea                robot_linear_update
 .text.robot_set_end_position
                0x0000000008000e32       0x1e ./Core/Src/robot.o
                0x0000000008000e32                robot_set_end_position
 .text.robot_error
                0x0000000008000e50       0x26 ./Core/Src/robot.o
                0x0000000008000e50                robot_error
 *fill*         0x0000000008000e76        0x2 
 .text.HAL_MspInit
                0x0000000008000e78       0x48 ./Core/Src/stm32f7xx_hal_msp.o
                0x0000000008000e78                HAL_MspInit
 .text.NMI_Handler
                0x0000000008000ec0        0x6 ./Core/Src/stm32f7xx_it.o
                0x0000000008000ec0                NMI_Handler
 .text.HardFault_Handler
                0x0000000008000ec6        0x6 ./Core/Src/stm32f7xx_it.o
                0x0000000008000ec6                HardFault_Handler
 .text.MemManage_Handler
                0x0000000008000ecc        0x6 ./Core/Src/stm32f7xx_it.o
                0x0000000008000ecc                MemManage_Handler
 .text.BusFault_Handler
                0x0000000008000ed2        0x6 ./Core/Src/stm32f7xx_it.o
                0x0000000008000ed2                BusFault_Handler
 .text.UsageFault_Handler
                0x0000000008000ed8        0x6 ./Core/Src/stm32f7xx_it.o
                0x0000000008000ed8                UsageFault_Handler
 .text.SVC_Handler
                0x0000000008000ede        0xe ./Core/Src/stm32f7xx_it.o
                0x0000000008000ede                SVC_Handler
 .text.DebugMon_Handler
                0x0000000008000eec        0xe ./Core/Src/stm32f7xx_it.o
                0x0000000008000eec                DebugMon_Handler
 .text.PendSV_Handler
                0x0000000008000efa        0xe ./Core/Src/stm32f7xx_it.o
                0x0000000008000efa                PendSV_Handler
 .text.SysTick_Handler
                0x0000000008000f08        0xc ./Core/Src/stm32f7xx_it.o
                0x0000000008000f08                SysTick_Handler
 .text.TIM1_CC_IRQHandler
                0x0000000008000f14       0x14 ./Core/Src/stm32f7xx_it.o
                0x0000000008000f14                TIM1_CC_IRQHandler
 .text.TIM3_IRQHandler
                0x0000000008000f28       0x14 ./Core/Src/stm32f7xx_it.o
                0x0000000008000f28                TIM3_IRQHandler
 .text.TIM4_IRQHandler
                0x0000000008000f3c       0x14 ./Core/Src/stm32f7xx_it.o
                0x0000000008000f3c                TIM4_IRQHandler
 .text.SystemInit
                0x0000000008000f50       0x24 ./Core/Src/system_stm32f7xx.o
                0x0000000008000f50                SystemInit
 .text.MX_TIM1_Init
                0x0000000008000f74      0x148 ./Core/Src/tim.o
                0x0000000008000f74                MX_TIM1_Init
 .text.MX_TIM2_Init
                0x00000000080010bc       0xb4 ./Core/Src/tim.o
                0x00000000080010bc                MX_TIM2_Init
 .text.MX_TIM3_Init
                0x0000000008001170      0x104 ./Core/Src/tim.o
                0x0000000008001170                MX_TIM3_Init
 .text.MX_TIM4_Init
                0x0000000008001274       0x9c ./Core/Src/tim.o
                0x0000000008001274                MX_TIM4_Init
 .text.HAL_TIM_Base_MspInit
                0x0000000008001310      0x108 ./Core/Src/tim.o
                0x0000000008001310                HAL_TIM_Base_MspInit
 .text.HAL_TIM_PWM_MspInit
                0x0000000008001418       0x3c ./Core/Src/tim.o
                0x0000000008001418                HAL_TIM_PWM_MspInit
 .text.HAL_TIM_MspPostInit
                0x0000000008001454       0xf4 ./Core/Src/tim.o
                0x0000000008001454                HAL_TIM_MspPostInit
 .text.MX_USART3_UART_Init
                0x0000000008001548       0x60 ./Core/Src/usart.o
                0x0000000008001548                MX_USART3_UART_Init
 .text.HAL_UART_MspInit
                0x00000000080015a8       0xc0 ./Core/Src/usart.o
                0x00000000080015a8                HAL_UART_MspInit
 .text.MX_USB_OTG_FS_PCD_Init
                0x0000000008001668       0x5c ./Core/Src/usb_otg.o
                0x0000000008001668                MX_USB_OTG_FS_PCD_Init
 .text.HAL_PCD_MspInit
                0x00000000080016c4       0xf4 ./Core/Src/usb_otg.o
                0x00000000080016c4                HAL_PCD_MspInit
 .text.Reset_Handler
                0x00000000080017b8       0x50 ./Core/Startup/startup_stm32f746zgtx.o
                0x00000000080017b8                Reset_Handler
 .text.Default_Handler
                0x0000000008001808        0x2 ./Core/Startup/startup_stm32f746zgtx.o
                0x0000000008001808                RTC_Alarm_IRQHandler
                0x0000000008001808                EXTI2_IRQHandler
                0x0000000008001808                TIM8_CC_IRQHandler
                0x0000000008001808                UART8_IRQHandler
                0x0000000008001808                SPI4_IRQHandler
                0x0000000008001808                DMA2_Stream5_IRQHandler
                0x0000000008001808                DMA1_Stream5_IRQHandler
                0x0000000008001808                PVD_IRQHandler
                0x0000000008001808                TAMP_STAMP_IRQHandler
                0x0000000008001808                CAN2_RX1_IRQHandler
                0x0000000008001808                EXTI3_IRQHandler
                0x0000000008001808                TIM8_TRG_COM_TIM14_IRQHandler
                0x0000000008001808                TIM1_UP_TIM10_IRQHandler
                0x0000000008001808                TIM8_UP_TIM13_IRQHandler
                0x0000000008001808                I2C3_ER_IRQHandler
                0x0000000008001808                EXTI0_IRQHandler
                0x0000000008001808                I2C2_EV_IRQHandler
                0x0000000008001808                DMA1_Stream2_IRQHandler
                0x0000000008001808                CAN1_RX0_IRQHandler
                0x0000000008001808                FPU_IRQHandler
                0x0000000008001808                OTG_HS_WKUP_IRQHandler
                0x0000000008001808                LTDC_ER_IRQHandler
                0x0000000008001808                CAN2_SCE_IRQHandler
                0x0000000008001808                DMA2_Stream2_IRQHandler
                0x0000000008001808                SPI1_IRQHandler
                0x0000000008001808                TIM6_DAC_IRQHandler
                0x0000000008001808                TIM1_BRK_TIM9_IRQHandler
                0x0000000008001808                DCMI_IRQHandler
                0x0000000008001808                CAN2_RX0_IRQHandler
                0x0000000008001808                DMA2_Stream3_IRQHandler
                0x0000000008001808                SAI2_IRQHandler
                0x0000000008001808                USART6_IRQHandler
                0x0000000008001808                USART3_IRQHandler
                0x0000000008001808                CAN1_RX1_IRQHandler
                0x0000000008001808                UART5_IRQHandler
                0x0000000008001808                DMA2_Stream0_IRQHandler
                0x0000000008001808                QUADSPI_IRQHandler
                0x0000000008001808                I2C1_EV_IRQHandler
                0x0000000008001808                DMA1_Stream6_IRQHandler
                0x0000000008001808                DMA1_Stream1_IRQHandler
                0x0000000008001808                UART4_IRQHandler
                0x0000000008001808                RCC_IRQHandler
                0x0000000008001808                TIM8_BRK_TIM12_IRQHandler
                0x0000000008001808                Default_Handler
                0x0000000008001808                CEC_IRQHandler
                0x0000000008001808                EXTI15_10_IRQHandler
                0x0000000008001808                ADC_IRQHandler
                0x0000000008001808                DMA1_Stream7_IRQHandler
                0x0000000008001808                SPI5_IRQHandler
                0x0000000008001808                TIM7_IRQHandler
                0x0000000008001808                SDMMC1_IRQHandler
                0x0000000008001808                CAN2_TX_IRQHandler
                0x0000000008001808                TIM5_IRQHandler
                0x0000000008001808                DMA2_Stream7_IRQHandler
                0x0000000008001808                I2C3_EV_IRQHandler
                0x0000000008001808                EXTI9_5_IRQHandler
                0x0000000008001808                RTC_WKUP_IRQHandler
                0x0000000008001808                LTDC_IRQHandler
                0x0000000008001808                ETH_WKUP_IRQHandler
                0x0000000008001808                SPDIF_RX_IRQHandler
                0x0000000008001808                SPI2_IRQHandler
                0x0000000008001808                OTG_HS_EP1_IN_IRQHandler
                0x0000000008001808                DMA1_Stream0_IRQHandler
                0x0000000008001808                CAN1_TX_IRQHandler
                0x0000000008001808                EXTI4_IRQHandler
                0x0000000008001808                RNG_IRQHandler
                0x0000000008001808                ETH_IRQHandler
                0x0000000008001808                OTG_HS_EP1_OUT_IRQHandler
                0x0000000008001808                WWDG_IRQHandler
                0x0000000008001808                SPI6_IRQHandler
                0x0000000008001808                I2C4_EV_IRQHandler
                0x0000000008001808                TIM2_IRQHandler
                0x0000000008001808                OTG_FS_WKUP_IRQHandler
                0x0000000008001808                TIM1_TRG_COM_TIM11_IRQHandler
                0x0000000008001808                OTG_HS_IRQHandler
                0x0000000008001808                DMA2D_IRQHandler
                0x0000000008001808                EXTI1_IRQHandler
                0x0000000008001808                UART7_IRQHandler
                0x0000000008001808                USART2_IRQHandler
                0x0000000008001808                I2C2_ER_IRQHandler
                0x0000000008001808                DMA2_Stream1_IRQHandler
                0x0000000008001808                CAN1_SCE_IRQHandler
                0x0000000008001808                FLASH_IRQHandler
                0x0000000008001808                DMA2_Stream4_IRQHandler
                0x0000000008001808                USART1_IRQHandler
                0x0000000008001808                OTG_FS_IRQHandler
                0x0000000008001808                SPI3_IRQHandler
                0x0000000008001808                DMA1_Stream4_IRQHandler
                0x0000000008001808                I2C1_ER_IRQHandler
                0x0000000008001808                FMC_IRQHandler
                0x0000000008001808                LPTIM1_IRQHandler
                0x0000000008001808                I2C4_ER_IRQHandler
                0x0000000008001808                DMA2_Stream6_IRQHandler
                0x0000000008001808                SAI1_IRQHandler
                0x0000000008001808                DMA1_Stream3_IRQHandler
 .text.HAL_Init
                0x000000000800180a       0x1a ./Drivers/STM32F7xx_HAL_Driver/Src/stm32f7xx_hal.o
                0x000000000800180a                HAL_Init
 .text.HAL_InitTick
                0x0000000008001824       0x60 ./Drivers/STM32F7xx_HAL_Driver/Src/stm32f7xx_hal.o
                0x0000000008001824                HAL_InitTick
 .text.HAL_IncTick
                0x0000000008001884       0x28 ./Drivers/STM32F7xx_HAL_Driver/Src/stm32f7xx_hal.o
                0x0000000008001884                HAL_IncTick
 .text.HAL_GetTick
                0x00000000080018ac       0x18 ./Drivers/STM32F7xx_HAL_Driver/Src/stm32f7xx_hal.o
                0x00000000080018ac                HAL_GetTick
 .text.HAL_Delay
                0x00000000080018c4       0x48 ./Drivers/STM32F7xx_HAL_Driver/Src/stm32f7xx_hal.o
                0x00000000080018c4                HAL_Delay
 .text.__NVIC_SetPriorityGrouping
                0x000000000800190c       0x48 ./Drivers/STM32F7xx_HAL_Driver/Src/stm32f7xx_hal_cortex.o
 .text.__NVIC_GetPriorityGrouping
                0x0000000008001954       0x1c ./Drivers/STM32F7xx_HAL_Driver/Src/stm32f7xx_hal_cortex.o
 .text.__NVIC_EnableIRQ
                0x0000000008001970       0x3c ./Drivers/STM32F7xx_HAL_Driver/Src/stm32f7xx_hal_cortex.o
 .text.__NVIC_SetPriority
                0x00000000080019ac       0x54 ./Drivers/STM32F7xx_HAL_Driver/Src/stm32f7xx_hal_cortex.o
 .text.NVIC_EncodePriority
                0x0000000008001a00       0x66 ./Drivers/STM32F7xx_HAL_Driver/Src/stm32f7xx_hal_cortex.o
 *fill*         0x0000000008001a66        0x2 
 .text.SysTick_Config
                0x0000000008001a68       0x44 ./Drivers/STM32F7xx_HAL_Driver/Src/stm32f7xx_hal_cortex.o
 .text.HAL_NVIC_SetPriorityGrouping
                0x0000000008001aac       0x16 ./Drivers/STM32F7xx_HAL_Driver/Src/stm32f7xx_hal_cortex.o
                0x0000000008001aac                HAL_NVIC_SetPriorityGrouping
 .text.HAL_NVIC_SetPriority
                0x0000000008001ac2       0x38 ./Drivers/STM32F7xx_HAL_Driver/Src/stm32f7xx_hal_cortex.o
                0x0000000008001ac2                HAL_NVIC_SetPriority
 .text.HAL_NVIC_EnableIRQ
                0x0000000008001afa       0x1c ./Drivers/STM32F7xx_HAL_Driver/Src/stm32f7xx_hal_cortex.o
                0x0000000008001afa                HAL_NVIC_EnableIRQ
 .text.HAL_SYSTICK_Config
                0x0000000008001b16       0x18 ./Drivers/STM32F7xx_HAL_Driver/Src/stm32f7xx_hal_cortex.o
                0x0000000008001b16                HAL_SYSTICK_Config
 *fill*         0x0000000008001b2e        0x2 
 .text.HAL_GPIO_Init
                0x0000000008001b30      0x358 ./Drivers/STM32F7xx_HAL_Driver/Src/stm32f7xx_hal_gpio.o
                0x0000000008001b30                HAL_GPIO_Init
 .text.HAL_GPIO_WritePin
                0x0000000008001e88       0x32 ./Drivers/STM32F7xx_HAL_Driver/Src/stm32f7xx_hal_gpio.o
                0x0000000008001e88                HAL_GPIO_WritePin
 .text.HAL_PCD_Init
                0x0000000008001eba      0x248 ./Drivers/STM32F7xx_HAL_Driver/Src/stm32f7xx_hal_pcd.o
                0x0000000008001eba                HAL_PCD_Init
 *fill*         0x0000000008002102        0x2 
 .text.HAL_PCDEx_ActivateLPM
                0x0000000008002104       0x48 ./Drivers/STM32F7xx_HAL_Driver/Src/stm32f7xx_hal_pcd_ex.o
                0x0000000008002104                HAL_PCDEx_ActivateLPM
 .text.HAL_PWR_EnableBkUpAccess
                0x000000000800214c       0x20 ./Drivers/STM32F7xx_HAL_Driver/Src/stm32f7xx_hal_pwr.o
                0x000000000800214c                HAL_PWR_EnableBkUpAccess
 .text.HAL_RCC_OscConfig
                0x000000000800216c      0x548 ./Drivers/STM32F7xx_HAL_Driver/Src/stm32f7xx_hal_rcc.o
                0x000000000800216c                HAL_RCC_OscConfig
 .text.HAL_RCC_ClockConfig
                0x00000000080026b4      0x1d8 ./Drivers/STM32F7xx_HAL_Driver/Src/stm32f7xx_hal_rcc.o
                0x00000000080026b4                HAL_RCC_ClockConfig
 .text.HAL_RCC_GetSysClockFreq
                0x000000000800288c      0x20c ./Drivers/STM32F7xx_HAL_Driver/Src/stm32f7xx_hal_rcc.o
                0x000000000800288c                HAL_RCC_GetSysClockFreq
 .text.HAL_RCC_GetHCLKFreq
                0x0000000008002a98       0x18 ./Drivers/STM32F7xx_HAL_Driver/Src/stm32f7xx_hal_rcc.o
                0x0000000008002a98                HAL_RCC_GetHCLKFreq
 .text.HAL_RCC_GetPCLK1Freq
                0x0000000008002ab0       0x28 ./Drivers/STM32F7xx_HAL_Driver/Src/stm32f7xx_hal_rcc.o
                0x0000000008002ab0                HAL_RCC_GetPCLK1Freq
 .text.HAL_RCC_GetPCLK2Freq
                0x0000000008002ad8       0x28 ./Drivers/STM32F7xx_HAL_Driver/Src/stm32f7xx_hal_rcc.o
                0x0000000008002ad8                HAL_RCC_GetPCLK2Freq
 .text.HAL_RCCEx_PeriphCLKConfig
                0x0000000008002b00      0x7e0 ./Drivers/STM32F7xx_HAL_Driver/Src/stm32f7xx_hal_rcc_ex.o
                0x0000000008002b00                HAL_RCCEx_PeriphCLKConfig
 .text.HAL_TIM_Base_Init
                0x00000000080032e0       0xae ./Drivers/STM32F7xx_HAL_Driver/Src/stm32f7xx_hal_tim.o
                0x00000000080032e0                HAL_TIM_Base_Init
 *fill*         0x000000000800338e        0x2 
 .text.HAL_TIM_Base_Start_IT
                0x0000000008003390       0xf0 ./Drivers/STM32F7xx_HAL_Driver/Src/stm32f7xx_hal_tim.o
                0x0000000008003390                HAL_TIM_Base_Start_IT
 .text.HAL_TIM_PWM_Init
                0x0000000008003480       0xae ./Drivers/STM32F7xx_HAL_Driver/Src/stm32f7xx_hal_tim.o
                0x0000000008003480                HAL_TIM_PWM_Init
 *fill*         0x000000000800352e        0x2 
 .text.HAL_TIM_PWM_Start
                0x0000000008003530      0x1f4 ./Drivers/STM32F7xx_HAL_Driver/Src/stm32f7xx_hal_tim.o
                0x0000000008003530                HAL_TIM_PWM_Start
 .text.HAL_TIM_IC_Init
                0x0000000008003724       0xae ./Drivers/STM32F7xx_HAL_Driver/Src/stm32f7xx_hal_tim.o
                0x0000000008003724                HAL_TIM_IC_Init
 .text.HAL_TIM_IC_MspInit
                0x00000000080037d2       0x14 ./Drivers/STM32F7xx_HAL_Driver/Src/stm32f7xx_hal_tim.o
                0x00000000080037d2                HAL_TIM_IC_MspInit
 *fill*         0x00000000080037e6        0x2 
 .text.HAL_TIM_IC_Start_IT
                0x00000000080037e8      0x2a0 ./Drivers/STM32F7xx_HAL_Driver/Src/stm32f7xx_hal_tim.o
                0x00000000080037e8                HAL_TIM_IC_Start_IT
 .text.HAL_TIM_IRQHandler
                0x0000000008003a88      0x23e ./Drivers/STM32F7xx_HAL_Driver/Src/stm32f7xx_hal_tim.o
                0x0000000008003a88                HAL_TIM_IRQHandler
 .text.HAL_TIM_IC_ConfigChannel
                0x0000000008003cc6      0x138 ./Drivers/STM32F7xx_HAL_Driver/Src/stm32f7xx_hal_tim.o
                0x0000000008003cc6                HAL_TIM_IC_ConfigChannel
 *fill*         0x0000000008003dfe        0x2 
 .text.HAL_TIM_PWM_ConfigChannel
                0x0000000008003e00      0x228 ./Drivers/STM32F7xx_HAL_Driver/Src/stm32f7xx_hal_tim.o
                0x0000000008003e00                HAL_TIM_PWM_ConfigChannel
 .text.HAL_TIM_ConfigClockSource
                0x0000000008004028      0x194 ./Drivers/STM32F7xx_HAL_Driver/Src/stm32f7xx_hal_tim.o
                0x0000000008004028                HAL_TIM_ConfigClockSource
 .text.HAL_TIM_SlaveConfigSynchro
                0x00000000080041bc       0x84 ./Drivers/STM32F7xx_HAL_Driver/Src/stm32f7xx_hal_tim.o
                0x00000000080041bc                HAL_TIM_SlaveConfigSynchro
 .text.HAL_TIM_ReadCapturedValue
                0x0000000008004240       0x88 ./Drivers/STM32F7xx_HAL_Driver/Src/stm32f7xx_hal_tim.o
                0x0000000008004240                HAL_TIM_ReadCapturedValue
 .text.HAL_TIM_OC_DelayElapsedCallback
                0x00000000080042c8       0x14 ./Drivers/STM32F7xx_HAL_Driver/Src/stm32f7xx_hal_tim.o
                0x00000000080042c8                HAL_TIM_OC_DelayElapsedCallback
 .text.HAL_TIM_PWM_PulseFinishedCallback
                0x00000000080042dc       0x14 ./Drivers/STM32F7xx_HAL_Driver/Src/stm32f7xx_hal_tim.o
                0x00000000080042dc                HAL_TIM_PWM_PulseFinishedCallback
 .text.HAL_TIM_TriggerCallback
                0x00000000080042f0       0x14 ./Drivers/STM32F7xx_HAL_Driver/Src/stm32f7xx_hal_tim.o
                0x00000000080042f0                HAL_TIM_TriggerCallback
 .text.TIM_Base_SetConfig
                0x0000000008004304      0x140 ./Drivers/STM32F7xx_HAL_Driver/Src/stm32f7xx_hal_tim.o
                0x0000000008004304                TIM_Base_SetConfig
 .text.TIM_OC1_SetConfig
                0x0000000008004444       0xe4 ./Drivers/STM32F7xx_HAL_Driver/Src/stm32f7xx_hal_tim.o
 .text.TIM_OC2_SetConfig
                0x0000000008004528       0xf0 ./Drivers/STM32F7xx_HAL_Driver/Src/stm32f7xx_hal_tim.o
                0x0000000008004528                TIM_OC2_SetConfig
 .text.TIM_OC3_SetConfig
                0x0000000008004618       0xec ./Drivers/STM32F7xx_HAL_Driver/Src/stm32f7xx_hal_tim.o
 .text.TIM_OC4_SetConfig
                0x0000000008004704       0xb0 ./Drivers/STM32F7xx_HAL_Driver/Src/stm32f7xx_hal_tim.o
 .text.TIM_OC5_SetConfig
                0x00000000080047b4       0xa4 ./Drivers/STM32F7xx_HAL_Driver/Src/stm32f7xx_hal_tim.o
 .text.TIM_OC6_SetConfig
                0x0000000008004858       0xa8 ./Drivers/STM32F7xx_HAL_Driver/Src/stm32f7xx_hal_tim.o
 .text.TIM_SlaveTimer_SetConfig
                0x0000000008004900      0x128 ./Drivers/STM32F7xx_HAL_Driver/Src/stm32f7xx_hal_tim.o
 .text.TIM_TI1_SetConfig
                0x0000000008004a28       0xe8 ./Drivers/STM32F7xx_HAL_Driver/Src/stm32f7xx_hal_tim.o
                0x0000000008004a28                TIM_TI1_SetConfig
 .text.TIM_TI1_ConfigInputStage
                0x0000000008004b10       0x5e ./Drivers/STM32F7xx_HAL_Driver/Src/stm32f7xx_hal_tim.o
 .text.TIM_TI2_SetConfig
                0x0000000008004b6e       0x7a ./Drivers/STM32F7xx_HAL_Driver/Src/stm32f7xx_hal_tim.o
 .text.TIM_TI2_ConfigInputStage
                0x0000000008004be8       0x60 ./Drivers/STM32F7xx_HAL_Driver/Src/stm32f7xx_hal_tim.o
 .text.TIM_TI3_SetConfig
                0x0000000008004c48       0x78 ./Drivers/STM32F7xx_HAL_Driver/Src/stm32f7xx_hal_tim.o
 .text.TIM_TI4_SetConfig
                0x0000000008004cc0       0x7a ./Drivers/STM32F7xx_HAL_Driver/Src/stm32f7xx_hal_tim.o
 .text.TIM_ITRx_SetConfig
                0x0000000008004d3a       0x36 ./Drivers/STM32F7xx_HAL_Driver/Src/stm32f7xx_hal_tim.o
 .text.TIM_ETR_SetConfig
                0x0000000008004d70       0x40 ./Drivers/STM32F7xx_HAL_Driver/Src/stm32f7xx_hal_tim.o
                0x0000000008004d70                TIM_ETR_SetConfig
 .text.TIM_CCxChannelCmd
                0x0000000008004db0       0x4a ./Drivers/STM32F7xx_HAL_Driver/Src/stm32f7xx_hal_tim.o
                0x0000000008004db0                TIM_CCxChannelCmd
 *fill*         0x0000000008004dfa        0x2 
 .text.HAL_TIMEx_MasterConfigSynchronization
                0x0000000008004dfc      0x11c ./Drivers/STM32F7xx_HAL_Driver/Src/stm32f7xx_hal_tim_ex.o
                0x0000000008004dfc                HAL_TIMEx_MasterConfigSynchronization
 .text.HAL_TIMEx_CommutCallback
                0x0000000008004f18       0x14 ./Drivers/STM32F7xx_HAL_Driver/Src/stm32f7xx_hal_tim_ex.o
                0x0000000008004f18                HAL_TIMEx_CommutCallback
 .text.HAL_TIMEx_BreakCallback
                0x0000000008004f2c       0x14 ./Drivers/STM32F7xx_HAL_Driver/Src/stm32f7xx_hal_tim_ex.o
                0x0000000008004f2c                HAL_TIMEx_BreakCallback
 .text.HAL_TIMEx_Break2Callback
                0x0000000008004f40       0x14 ./Drivers/STM32F7xx_HAL_Driver/Src/stm32f7xx_hal_tim_ex.o
                0x0000000008004f40                HAL_TIMEx_Break2Callback
 .text.HAL_UART_Init
                0x0000000008004f54       0x9c ./Drivers/STM32F7xx_HAL_Driver/Src/stm32f7xx_hal_uart.o
                0x0000000008004f54                HAL_UART_Init
 .text.UART_SetConfig
                0x0000000008004ff0      0x4c8 ./Drivers/STM32F7xx_HAL_Driver/Src/stm32f7xx_hal_uart.o
                0x0000000008004ff0                UART_SetConfig
 .text.UART_AdvFeatureConfig
                0x00000000080054b8      0x144 ./Drivers/STM32F7xx_HAL_Driver/Src/stm32f7xx_hal_uart.o
                0x00000000080054b8                UART_AdvFeatureConfig
 .text.UART_CheckIdleState
                0x00000000080055fc       0x6e ./Drivers/STM32F7xx_HAL_Driver/Src/stm32f7xx_hal_uart.o
                0x00000000080055fc                UART_CheckIdleState
 .text.UART_WaitOnFlagUntilTimeout
                0x000000000800566a      0x18c ./Drivers/STM32F7xx_HAL_Driver/Src/stm32f7xx_hal_uart.o
                0x000000000800566a                UART_WaitOnFlagUntilTimeout
 *fill*         0x00000000080057f6        0x2 
 .text.USB_CoreInit
                0x00000000080057f8       0xb0 ./Drivers/STM32F7xx_HAL_Driver/Src/stm32f7xx_ll_usb.o
                0x00000000080057f8                USB_CoreInit
 .text.USB_DisableGlobalInt
                0x00000000080058a8       0x22 ./Drivers/STM32F7xx_HAL_Driver/Src/stm32f7xx_ll_usb.o
                0x00000000080058a8                USB_DisableGlobalInt
 .text.USB_SetCurrentMode
                0x00000000080058ca       0x98 ./Drivers/STM32F7xx_HAL_Driver/Src/stm32f7xx_ll_usb.o
                0x00000000080058ca                USB_SetCurrentMode
 *fill*         0x0000000008005962        0x2 
 .text.USB_DevInit
                0x0000000008005964      0x2bc ./Drivers/STM32F7xx_HAL_Driver/Src/stm32f7xx_ll_usb.o
                0x0000000008005964                USB_DevInit
 .text.USB_FlushTxFifo
                0x0000000008005c20       0x68 ./Drivers/STM32F7xx_HAL_Driver/Src/stm32f7xx_ll_usb.o
                0x0000000008005c20                USB_FlushTxFifo
 .text.USB_FlushRxFifo
                0x0000000008005c88       0x60 ./Drivers/STM32F7xx_HAL_Driver/Src/stm32f7xx_ll_usb.o
                0x0000000008005c88                USB_FlushRxFifo
 .text.USB_SetDevSpeed
                0x0000000008005ce8       0x32 ./Drivers/STM32F7xx_HAL_Driver/Src/stm32f7xx_ll_usb.o
                0x0000000008005ce8                USB_SetDevSpeed
 .text.USB_DevDisconnect
                0x0000000008005d1a       0x42 ./Drivers/STM32F7xx_HAL_Driver/Src/stm32f7xx_ll_usb.o
                0x0000000008005d1a                USB_DevDisconnect
 .text.USB_GetMode
                0x0000000008005d5c       0x1c ./Drivers/STM32F7xx_HAL_Driver/Src/stm32f7xx_ll_usb.o
                0x0000000008005d5c                USB_GetMode
 .text.USB_CoreReset
                0x0000000008005d78       0x68 ./Drivers/STM32F7xx_HAL_Driver/Src/stm32f7xx_ll_usb.o
 .text.__libc_init_array
                0x0000000008005de0       0x48 c:/st/stm32cubeide_1.10.1/stm32cubeide/plugins/com.st.stm32cube.ide.mcu.externaltools.gnu-tools-for-stm32.10.3-2021.10.win32_1.0.0.202111181127/tools/bin/../lib/gcc/arm-none-eabi/10.3.1/../../../../arm-none-eabi/lib/thumb/v7e-m+fp/hard\libc_nano.a(lib_a-init.o)
                0x0000000008005de0                __libc_init_array
 .text.memset   0x0000000008005e28       0x10 c:/st/stm32cubeide_1.10.1/stm32cubeide/plugins/com.st.stm32cube.ide.mcu.externaltools.gnu-tools-for-stm32.10.3-2021.10.win32_1.0.0.202111181127/tools/bin/../lib/gcc/arm-none-eabi/10.3.1/../../../../arm-none-eabi/lib/thumb/v7e-m+fp/hard\libc_nano.a(lib_a-memset.o)
                0x0000000008005e28                memset
 *(.glue_7)
 .glue_7        0x0000000008005e38        0x0 linker stubs
 *(.glue_7t)
 .glue_7t       0x0000000008005e38        0x0 linker stubs
 *(.eh_frame)
 .eh_frame      0x0000000008005e38        0x0 c:/st/stm32cubeide_1.10.1/stm32cubeide/plugins/com.st.stm32cube.ide.mcu.externaltools.gnu-tools-for-stm32.10.3-2021.10.win32_1.0.0.202111181127/tools/bin/../lib/gcc/arm-none-eabi/10.3.1/thumb/v7e-m+fp/hard/crtbegin.o
 *(.init)
 .init          0x0000000008005e38        0x4 c:/st/stm32cubeide_1.10.1/stm32cubeide/plugins/com.st.stm32cube.ide.mcu.externaltools.gnu-tools-for-stm32.10.3-2021.10.win32_1.0.0.202111181127/tools/bin/../lib/gcc/arm-none-eabi/10.3.1/thumb/v7e-m+fp/hard/crti.o
                0x0000000008005e38                _init
 .init          0x0000000008005e3c        0x8 c:/st/stm32cubeide_1.10.1/stm32cubeide/plugins/com.st.stm32cube.ide.mcu.externaltools.gnu-tools-for-stm32.10.3-2021.10.win32_1.0.0.202111181127/tools/bin/../lib/gcc/arm-none-eabi/10.3.1/thumb/v7e-m+fp/hard/crtn.o
 *(.fini)
 .fini          0x0000000008005e44        0x4 c:/st/stm32cubeide_1.10.1/stm32cubeide/plugins/com.st.stm32cube.ide.mcu.externaltools.gnu-tools-for-stm32.10.3-2021.10.win32_1.0.0.202111181127/tools/bin/../lib/gcc/arm-none-eabi/10.3.1/thumb/v7e-m+fp/hard/crti.o
                0x0000000008005e44                _fini
 .fini          0x0000000008005e48        0x8 c:/st/stm32cubeide_1.10.1/stm32cubeide/plugins/com.st.stm32cube.ide.mcu.externaltools.gnu-tools-for-stm32.10.3-2021.10.win32_1.0.0.202111181127/tools/bin/../lib/gcc/arm-none-eabi/10.3.1/thumb/v7e-m+fp/hard/crtn.o
                0x0000000008005e50                . = ALIGN (0x4)
                0x0000000008005e50                _etext = .

.vfp11_veneer   0x0000000008005e50        0x0
 .vfp11_veneer  0x0000000008005e50        0x0 linker stubs

.v4_bx          0x0000000008005e50        0x0
 .v4_bx         0x0000000008005e50        0x0 linker stubs

.iplt           0x0000000008005e50        0x0
 .iplt          0x0000000008005e50        0x0 c:/st/stm32cubeide_1.10.1/stm32cubeide/plugins/com.st.stm32cube.ide.mcu.externaltools.gnu-tools-for-stm32.10.3-2021.10.win32_1.0.0.202111181127/tools/bin/../lib/gcc/arm-none-eabi/10.3.1/thumb/v7e-m+fp/hard/crtbegin.o

.rodata         0x0000000008005e50       0x18
                0x0000000008005e50                . = ALIGN (0x4)
 *(.rodata)
 *(.rodata*)
 .rodata.AHBPrescTable
                0x0000000008005e50       0x10 ./Core/Src/system_stm32f7xx.o
                0x0000000008005e50                AHBPrescTable
 .rodata.APBPrescTable
                0x0000000008005e60        0x8 ./Core/Src/system_stm32f7xx.o
                0x0000000008005e60                APBPrescTable
                0x0000000008005e68                . = ALIGN (0x4)

.ARM.extab      0x0000000008005e68        0x0
                0x0000000008005e68                . = ALIGN (0x4)
 *(.ARM.extab* .gnu.linkonce.armextab.*)
                0x0000000008005e68                . = ALIGN (0x4)

.ARM            0x0000000008005e68        0x8
                0x0000000008005e68                . = ALIGN (0x4)
                0x0000000008005e68                __exidx_start = .
 *(.ARM.exidx*)
 .ARM.exidx     0x0000000008005e68        0x8 c:/st/stm32cubeide_1.10.1/stm32cubeide/plugins/com.st.stm32cube.ide.mcu.externaltools.gnu-tools-for-stm32.10.3-2021.10.win32_1.0.0.202111181127/tools/bin/../lib/gcc/arm-none-eabi/10.3.1/thumb/v7e-m+fp/hard\libgcc.a(_udivmoddi4.o)
                0x0000000008005e70                __exidx_end = .
                0x0000000008005e70                . = ALIGN (0x4)

.rel.dyn        0x0000000008005e70        0x0
 .rel.iplt      0x0000000008005e70        0x0 c:/st/stm32cubeide_1.10.1/stm32cubeide/plugins/com.st.stm32cube.ide.mcu.externaltools.gnu-tools-for-stm32.10.3-2021.10.win32_1.0.0.202111181127/tools/bin/../lib/gcc/arm-none-eabi/10.3.1/thumb/v7e-m+fp/hard/crtbegin.o

.preinit_array  0x0000000008005e70        0x0
                0x0000000008005e70                . = ALIGN (0x4)
                0x0000000008005e70                PROVIDE (__preinit_array_start = .)
 *(.preinit_array*)
                0x0000000008005e70                PROVIDE (__preinit_array_end = .)
                0x0000000008005e70                . = ALIGN (0x4)

.init_array     0x0000000008005e70        0x4
                0x0000000008005e70                . = ALIGN (0x4)
                0x0000000008005e70                PROVIDE (__init_array_start = .)
 *(SORT_BY_NAME(.init_array.*))
 *(.init_array*)
 .init_array    0x0000000008005e70        0x4 c:/st/stm32cubeide_1.10.1/stm32cubeide/plugins/com.st.stm32cube.ide.mcu.externaltools.gnu-tools-for-stm32.10.3-2021.10.win32_1.0.0.202111181127/tools/bin/../lib/gcc/arm-none-eabi/10.3.1/thumb/v7e-m+fp/hard/crtbegin.o
                0x0000000008005e74                PROVIDE (__init_array_end = .)
                0x0000000008005e74                . = ALIGN (0x4)

.fini_array     0x0000000008005e74        0x4
                0x0000000008005e74                . = ALIGN (0x4)
                [!provide]                        PROVIDE (__fini_array_start = .)
 *(SORT_BY_NAME(.fini_array.*))
 *(.fini_array*)
 .fini_array    0x0000000008005e74        0x4 c:/st/stm32cubeide_1.10.1/stm32cubeide/plugins/com.st.stm32cube.ide.mcu.externaltools.gnu-tools-for-stm32.10.3-2021.10.win32_1.0.0.202111181127/tools/bin/../lib/gcc/arm-none-eabi/10.3.1/thumb/v7e-m+fp/hard/crtbegin.o
                [!provide]                        PROVIDE (__fini_array_end = .)
                0x0000000008005e78                . = ALIGN (0x4)
                0x0000000008005e78                _sidata = LOADADDR (.data)

.data           0x0000000020000000        0xc load address 0x0000000008005e78
                0x0000000020000000                . = ALIGN (0x4)
                0x0000000020000000                _sdata = .
 *(.data)
 *(.data*)
 .data.SystemCoreClock
                0x0000000020000000        0x4 ./Core/Src/system_stm32f7xx.o
                0x0000000020000000                SystemCoreClock
 .data.uwTickPrio
                0x0000000020000004        0x4 ./Drivers/STM32F7xx_HAL_Driver/Src/stm32f7xx_hal.o
                0x0000000020000004                uwTickPrio
 .data.uwTickFreq
                0x0000000020000008        0x1 ./Drivers/STM32F7xx_HAL_Driver/Src/stm32f7xx_hal.o
                0x0000000020000008                uwTickFreq
 *(.RamFunc)
 *(.RamFunc*)
                0x000000002000000c                . = ALIGN (0x4)
 *fill*         0x0000000020000009        0x3 
                0x000000002000000c                _edata = .

.igot.plt       0x000000002000000c        0x0 load address 0x0000000008005e84
 .igot.plt      0x000000002000000c        0x0 c:/st/stm32cubeide_1.10.1/stm32cubeide/plugins/com.st.stm32cube.ide.mcu.externaltools.gnu-tools-for-stm32.10.3-2021.10.win32_1.0.0.202111181127/tools/bin/../lib/gcc/arm-none-eabi/10.3.1/thumb/v7e-m+fp/hard/crtbegin.o
                0x000000002000000c                . = ALIGN (0x4)

.bss            0x000000002000000c      0x754 load address 0x0000000008005e84
                0x000000002000000c                _sbss = .
                0x000000002000000c                __bss_start__ = _sbss
 *(.bss)
 .bss           0x000000002000000c       0x1c c:/st/stm32cubeide_1.10.1/stm32cubeide/plugins/com.st.stm32cube.ide.mcu.externaltools.gnu-tools-for-stm32.10.3-2021.10.win32_1.0.0.202111181127/tools/bin/../lib/gcc/arm-none-eabi/10.3.1/thumb/v7e-m+fp/hard/crtbegin.o
 *(.bss*)
 .bss.distance_sensor
                0x0000000020000028       0x10 ./Core/Src/main.o
                0x0000000020000028                distance_sensor
 .bss.controller
                0x0000000020000038       0x18 ./Core/Src/main.o
                0x0000000020000038                controller
 .bss.left_motor
                0x0000000020000050       0x18 ./Core/Src/main.o
                0x0000000020000050                left_motor
 .bss.right_motor
                0x0000000020000068       0x18 ./Core/Src/main.o
                0x0000000020000068                right_motor
 .bss.robot     0x0000000020000080       0x1c ./Core/Src/main.o
                0x0000000020000080                robot
 .bss.htim1     0x000000002000009c       0x4c ./Core/Src/tim.o
                0x000000002000009c                htim1
 .bss.htim2     0x00000000200000e8       0x4c ./Core/Src/tim.o
                0x00000000200000e8                htim2
 .bss.htim3     0x0000000020000134       0x4c ./Core/Src/tim.o
                0x0000000020000134                htim3
 .bss.htim4     0x0000000020000180       0x4c ./Core/Src/tim.o
                0x0000000020000180                htim4
 .bss.huart3    0x00000000200001cc       0x88 ./Core/Src/usart.o
                0x00000000200001cc                huart3
 .bss.hpcd_USB_OTG_FS
                0x0000000020000254      0x508 ./Core/Src/usb_otg.o
                0x0000000020000254                hpcd_USB_OTG_FS
 .bss.uwTick    0x000000002000075c        0x4 ./Drivers/STM32F7xx_HAL_Driver/Src/stm32f7xx_hal.o
                0x000000002000075c                uwTick
 *(COMMON)
                0x0000000020000760                . = ALIGN (0x4)
                0x0000000020000760                _ebss = .
                0x0000000020000760                __bss_end__ = _ebss

._user_heap_stack
                0x0000000020000760      0x600 load address 0x0000000008005e84
                0x0000000020000760                . = ALIGN (0x8)
                [!provide]                        PROVIDE (end = .)
                0x0000000020000760                PROVIDE (_end = .)
                0x0000000020000960                . = (. + _Min_Heap_Size)
 *fill*         0x0000000020000760      0x200 
                0x0000000020000d60                . = (. + _Min_Stack_Size)
 *fill*         0x0000000020000960      0x400 
                0x0000000020000d60                . = ALIGN (0x8)

/DISCARD/
 libc.a(*)
 libm.a(*)
 libgcc.a(*)

.ARM.attributes
                0x0000000000000000       0x30
 *(.ARM.attributes)
 .ARM.attributes
                0x0000000000000000       0x1e c:/st/stm32cubeide_1.10.1/stm32cubeide/plugins/com.st.stm32cube.ide.mcu.externaltools.gnu-tools-for-stm32.10.3-2021.10.win32_1.0.0.202111181127/tools/bin/../lib/gcc/arm-none-eabi/10.3.1/thumb/v7e-m+fp/hard/crti.o
 .ARM.attributes
                0x000000000000001e       0x34 c:/st/stm32cubeide_1.10.1/stm32cubeide/plugins/com.st.stm32cube.ide.mcu.externaltools.gnu-tools-for-stm32.10.3-2021.10.win32_1.0.0.202111181127/tools/bin/../lib/gcc/arm-none-eabi/10.3.1/thumb/v7e-m+fp/hard/crtbegin.o
 .ARM.attributes
                0x0000000000000052       0x34 ./Core/Src/controller.o
 .ARM.attributes
                0x0000000000000086       0x34 ./Core/Src/gpio.o
 .ARM.attributes
                0x00000000000000ba       0x34 ./Core/Src/hcsr04.o
 .ARM.attributes
                0x00000000000000ee       0x34 ./Core/Src/main.o
 .ARM.attributes
                0x0000000000000122       0x34 ./Core/Src/motor.o
 .ARM.attributes
                0x0000000000000156       0x34 ./Core/Src/robot.o
 .ARM.attributes
                0x000000000000018a       0x34 ./Core/Src/stm32f7xx_hal_msp.o
 .ARM.attributes
                0x00000000000001be       0x34 ./Core/Src/stm32f7xx_it.o
 .ARM.attributes
                0x00000000000001f2       0x34 ./Core/Src/system_stm32f7xx.o
 .ARM.attributes
                0x0000000000000226       0x34 ./Core/Src/tim.o
 .ARM.attributes
                0x000000000000025a       0x34 ./Core/Src/usart.o
 .ARM.attributes
                0x000000000000028e       0x34 ./Core/Src/usb_otg.o
 .ARM.attributes
                0x00000000000002c2       0x21 ./Core/Startup/startup_stm32f746zgtx.o
 .ARM.attributes
                0x00000000000002e3       0x34 ./Drivers/STM32F7xx_HAL_Driver/Src/stm32f7xx_hal.o
 .ARM.attributes
                0x0000000000000317       0x34 ./Drivers/STM32F7xx_HAL_Driver/Src/stm32f7xx_hal_cortex.o
 .ARM.attributes
                0x000000000000034b       0x34 ./Drivers/STM32F7xx_HAL_Driver/Src/stm32f7xx_hal_gpio.o
 .ARM.attributes
                0x000000000000037f       0x34 ./Drivers/STM32F7xx_HAL_Driver/Src/stm32f7xx_hal_pcd.o
 .ARM.attributes
                0x00000000000003b3       0x34 ./Drivers/STM32F7xx_HAL_Driver/Src/stm32f7xx_hal_pcd_ex.o
 .ARM.attributes
                0x00000000000003e7       0x34 ./Drivers/STM32F7xx_HAL_Driver/Src/stm32f7xx_hal_pwr.o
 .ARM.attributes
                0x000000000000041b       0x34 ./Drivers/STM32F7xx_HAL_Driver/Src/stm32f7xx_hal_rcc.o
 .ARM.attributes
                0x000000000000044f       0x34 ./Drivers/STM32F7xx_HAL_Driver/Src/stm32f7xx_hal_rcc_ex.o
 .ARM.attributes
                0x0000000000000483       0x34 ./Drivers/STM32F7xx_HAL_Driver/Src/stm32f7xx_hal_tim.o
 .ARM.attributes
                0x00000000000004b7       0x34 ./Drivers/STM32F7xx_HAL_Driver/Src/stm32f7xx_hal_tim_ex.o
 .ARM.attributes
                0x00000000000004eb       0x34 ./Drivers/STM32F7xx_HAL_Driver/Src/stm32f7xx_hal_uart.o
 .ARM.attributes
                0x000000000000051f       0x34 ./Drivers/STM32F7xx_HAL_Driver/Src/stm32f7xx_ll_usb.o
 .ARM.attributes
                0x0000000000000553       0x34 c:/st/stm32cubeide_1.10.1/stm32cubeide/plugins/com.st.stm32cube.ide.mcu.externaltools.gnu-tools-for-stm32.10.3-2021.10.win32_1.0.0.202111181127/tools/bin/../lib/gcc/arm-none-eabi/10.3.1/../../../../arm-none-eabi/lib/thumb/v7e-m+fp/hard\libc_nano.a(lib_a-init.o)
 .ARM.attributes
                0x0000000000000587       0x34 c:/st/stm32cubeide_1.10.1/stm32cubeide/plugins/com.st.stm32cube.ide.mcu.externaltools.gnu-tools-for-stm32.10.3-2021.10.win32_1.0.0.202111181127/tools/bin/../lib/gcc/arm-none-eabi/10.3.1/../../../../arm-none-eabi/lib/thumb/v7e-m+fp/hard\libc_nano.a(lib_a-memset.o)
 .ARM.attributes
                0x00000000000005bb       0x1e c:/st/stm32cubeide_1.10.1/stm32cubeide/plugins/com.st.stm32cube.ide.mcu.externaltools.gnu-tools-for-stm32.10.3-2021.10.win32_1.0.0.202111181127/tools/bin/../lib/gcc/arm-none-eabi/10.3.1/thumb/v7e-m+fp/hard\libgcc.a(_aeabi_uldivmod.o)
 .ARM.attributes
                0x00000000000005d9       0x34 c:/st/stm32cubeide_1.10.1/stm32cubeide/plugins/com.st.stm32cube.ide.mcu.externaltools.gnu-tools-for-stm32.10.3-2021.10.win32_1.0.0.202111181127/tools/bin/../lib/gcc/arm-none-eabi/10.3.1/thumb/v7e-m+fp/hard\libgcc.a(_udivmoddi4.o)
 .ARM.attributes
                0x000000000000060d       0x1e c:/st/stm32cubeide_1.10.1/stm32cubeide/plugins/com.st.stm32cube.ide.mcu.externaltools.gnu-tools-for-stm32.10.3-2021.10.win32_1.0.0.202111181127/tools/bin/../lib/gcc/arm-none-eabi/10.3.1/thumb/v7e-m+fp/hard\libgcc.a(_dvmd_tls.o)
 .ARM.attributes
                0x000000000000062b       0x1e c:/st/stm32cubeide_1.10.1/stm32cubeide/plugins/com.st.stm32cube.ide.mcu.externaltools.gnu-tools-for-stm32.10.3-2021.10.win32_1.0.0.202111181127/tools/bin/../lib/gcc/arm-none-eabi/10.3.1/thumb/v7e-m+fp/hard/crtn.o
OUTPUT(Projektv2.elf elf32-littlearm)
LOAD linker stubs
LOAD c:/st/stm32cubeide_1.10.1/stm32cubeide/plugins/com.st.stm32cube.ide.mcu.externaltools.gnu-tools-for-stm32.10.3-2021.10.win32_1.0.0.202111181127/tools/bin/../lib/gcc/arm-none-eabi/10.3.1/../../../../arm-none-eabi/lib/thumb/v7e-m+fp/hard\libc.a
LOAD c:/st/stm32cubeide_1.10.1/stm32cubeide/plugins/com.st.stm32cube.ide.mcu.externaltools.gnu-tools-for-stm32.10.3-2021.10.win32_1.0.0.202111181127/tools/bin/../lib/gcc/arm-none-eabi/10.3.1/../../../../arm-none-eabi/lib/thumb/v7e-m+fp/hard\libm.a
LOAD c:/st/stm32cubeide_1.10.1/stm32cubeide/plugins/com.st.stm32cube.ide.mcu.externaltools.gnu-tools-for-stm32.10.3-2021.10.win32_1.0.0.202111181127/tools/bin/../lib/gcc/arm-none-eabi/10.3.1/thumb/v7e-m+fp/hard\libgcc.a

.debug_info     0x0000000000000000    0x160a9
 .debug_info    0x0000000000000000      0x186 ./Core/Src/controller.o
 .debug_info    0x0000000000000186      0x50a ./Core/Src/gpio.o
 .debug_info    0x0000000000000690      0x7ee ./Core/Src/hcsr04.o
 .debug_info    0x0000000000000e7e     0x1087 ./Core/Src/main.o
 .debug_info    0x0000000000001f05      0x9f0 ./Core/Src/motor.o
 .debug_info    0x00000000000028f5      0x214 ./Core/Src/robot.o
 .debug_info    0x0000000000002b09      0x2d2 ./Core/Src/stm32f7xx_hal_msp.o
 .debug_info    0x0000000000002ddb      0x7bd ./Core/Src/stm32f7xx_it.o
 .debug_info    0x0000000000003598      0x72c ./Core/Src/system_stm32f7xx.o
 .debug_info    0x0000000000003cc4     0x12f4 ./Core/Src/tim.o
 .debug_info    0x0000000000004fb8      0xd0d ./Core/Src/usart.o
 .debug_info    0x0000000000005cc5      0xc68 ./Core/Src/usb_otg.o
 .debug_info    0x000000000000692d       0x22 ./Core/Startup/startup_stm32f746zgtx.o
 .debug_info    0x000000000000694f      0xa0c ./Drivers/STM32F7xx_HAL_Driver/Src/stm32f7xx_hal.o
 .debug_info    0x000000000000735b     0x105a ./Drivers/STM32F7xx_HAL_Driver/Src/stm32f7xx_hal_cortex.o
 .debug_info    0x00000000000083b5      0x794 ./Drivers/STM32F7xx_HAL_Driver/Src/stm32f7xx_hal_gpio.o
 .debug_info    0x0000000000008b49     0x16c1 ./Drivers/STM32F7xx_HAL_Driver/Src/stm32f7xx_hal_pcd.o
 .debug_info    0x000000000000a20a      0x7df ./Drivers/STM32F7xx_HAL_Driver/Src/stm32f7xx_hal_pcd_ex.o
 .debug_info    0x000000000000a9e9      0x978 ./Drivers/STM32F7xx_HAL_Driver/Src/stm32f7xx_hal_pwr.o
 .debug_info    0x000000000000b361      0x99c ./Drivers/STM32F7xx_HAL_Driver/Src/stm32f7xx_hal_rcc.o
 .debug_info    0x000000000000bcfd      0x764 ./Drivers/STM32F7xx_HAL_Driver/Src/stm32f7xx_hal_rcc_ex.o
 .debug_info    0x000000000000c461     0x2d22 ./Drivers/STM32F7xx_HAL_Driver/Src/stm32f7xx_hal_tim.o
 .debug_info    0x000000000000f183     0x16f5 ./Drivers/STM32F7xx_HAL_Driver/Src/stm32f7xx_hal_tim_ex.o
 .debug_info    0x0000000000010878     0x3ccc ./Drivers/STM32F7xx_HAL_Driver/Src/stm32f7xx_hal_uart.o
 .debug_info    0x0000000000014544     0x1b65 ./Drivers/STM32F7xx_HAL_Driver/Src/stm32f7xx_ll_usb.o

.debug_abbrev   0x0000000000000000     0x2df5
 .debug_abbrev  0x0000000000000000       0xa1 ./Core/Src/controller.o
 .debug_abbrev  0x00000000000000a1      0x146 ./Core/Src/gpio.o
 .debug_abbrev  0x00000000000001e7      0x177 ./Core/Src/hcsr04.o
 .debug_abbrev  0x000000000000035e      0x27d ./Core/Src/main.o
 .debug_abbrev  0x00000000000005db      0x1cf ./Core/Src/motor.o
 .debug_abbrev  0x00000000000007aa       0xbd ./Core/Src/robot.o
 .debug_abbrev  0x0000000000000867       0xd4 ./Core/Src/stm32f7xx_hal_msp.o
 .debug_abbrev  0x000000000000093b      0x184 ./Core/Src/stm32f7xx_it.o
 .debug_abbrev  0x0000000000000abf      0x136 ./Core/Src/system_stm32f7xx.o
 .debug_abbrev  0x0000000000000bf5      0x272 ./Core/Src/tim.o
 .debug_abbrev  0x0000000000000e67      0x1e7 ./Core/Src/usart.o
 .debug_abbrev  0x000000000000104e      0x21d ./Core/Src/usb_otg.o
 .debug_abbrev  0x000000000000126b       0x12 ./Core/Startup/startup_stm32f746zgtx.o
 .debug_abbrev  0x000000000000127d      0x20d ./Drivers/STM32F7xx_HAL_Driver/Src/stm32f7xx_hal.o
 .debug_abbrev  0x000000000000148a      0x316 ./Drivers/STM32F7xx_HAL_Driver/Src/stm32f7xx_hal_cortex.o
 .debug_abbrev  0x00000000000017a0      0x1c4 ./Drivers/STM32F7xx_HAL_Driver/Src/stm32f7xx_hal_gpio.o
 .debug_abbrev  0x0000000000001964      0x2d2 ./Drivers/STM32F7xx_HAL_Driver/Src/stm32f7xx_hal_pcd.o
 .debug_abbrev  0x0000000000001c36      0x1bd ./Drivers/STM32F7xx_HAL_Driver/Src/stm32f7xx_hal_pcd_ex.o
 .debug_abbrev  0x0000000000001df3      0x1b8 ./Drivers/STM32F7xx_HAL_Driver/Src/stm32f7xx_hal_pwr.o
 .debug_abbrev  0x0000000000001fab      0x27b ./Drivers/STM32F7xx_HAL_Driver/Src/stm32f7xx_hal_rcc.o
 .debug_abbrev  0x0000000000002226      0x1b9 ./Drivers/STM32F7xx_HAL_Driver/Src/stm32f7xx_hal_rcc_ex.o
 .debug_abbrev  0x00000000000023df      0x264 ./Drivers/STM32F7xx_HAL_Driver/Src/stm32f7xx_hal_tim.o
 .debug_abbrev  0x0000000000002643      0x26c ./Drivers/STM32F7xx_HAL_Driver/Src/stm32f7xx_hal_tim_ex.o
 .debug_abbrev  0x00000000000028af      0x2ce ./Drivers/STM32F7xx_HAL_Driver/Src/stm32f7xx_hal_uart.o
 .debug_abbrev  0x0000000000002b7d      0x278 ./Drivers/STM32F7xx_HAL_Driver/Src/stm32f7xx_ll_usb.o

.debug_aranges  0x0000000000000000     0x1178
 .debug_aranges
                0x0000000000000000       0x28 ./Core/Src/controller.o
 .debug_aranges
                0x0000000000000028       0x20 ./Core/Src/gpio.o
 .debug_aranges
                0x0000000000000048       0x28 ./Core/Src/hcsr04.o
 .debug_aranges
                0x0000000000000070       0x40 ./Core/Src/main.o
 .debug_aranges
                0x00000000000000b0       0x40 ./Core/Src/motor.o
 .debug_aranges
                0x00000000000000f0       0x40 ./Core/Src/robot.o
 .debug_aranges
                0x0000000000000130       0x20 ./Core/Src/stm32f7xx_hal_msp.o
 .debug_aranges
                0x0000000000000150       0x78 ./Core/Src/stm32f7xx_it.o
 .debug_aranges
                0x00000000000001c8       0x28 ./Core/Src/system_stm32f7xx.o
 .debug_aranges
                0x00000000000001f0       0x60 ./Core/Src/tim.o
 .debug_aranges
                0x0000000000000250       0x30 ./Core/Src/usart.o
 .debug_aranges
                0x0000000000000280       0x30 ./Core/Src/usb_otg.o
 .debug_aranges
                0x00000000000002b0       0x28 ./Core/Startup/startup_stm32f746zgtx.o
 .debug_aranges
                0x00000000000002d8      0x100 ./Drivers/STM32F7xx_HAL_Driver/Src/stm32f7xx_hal.o
 .debug_aranges
                0x00000000000003d8      0x118 ./Drivers/STM32F7xx_HAL_Driver/Src/stm32f7xx_hal_cortex.o
 .debug_aranges
                0x00000000000004f0       0x58 ./Drivers/STM32F7xx_HAL_Driver/Src/stm32f7xx_hal_gpio.o
 .debug_aranges
                0x0000000000000548      0x148 ./Drivers/STM32F7xx_HAL_Driver/Src/stm32f7xx_hal_pcd.o
 .debug_aranges
                0x0000000000000690       0x48 ./Drivers/STM32F7xx_HAL_Driver/Src/stm32f7xx_hal_pcd_ex.o
 .debug_aranges
                0x00000000000006d8       0xa0 ./Drivers/STM32F7xx_HAL_Driver/Src/stm32f7xx_hal_pwr.o
 .debug_aranges
                0x0000000000000778       0x88 ./Drivers/STM32F7xx_HAL_Driver/Src/stm32f7xx_hal_rcc.o
 .debug_aranges
                0x0000000000000800       0x50 ./Drivers/STM32F7xx_HAL_Driver/Src/stm32f7xx_hal_rcc_ex.o
 .debug_aranges
                0x0000000000000850      0x3e0 ./Drivers/STM32F7xx_HAL_Driver/Src/stm32f7xx_hal_tim.o
 .debug_aranges
                0x0000000000000c30      0x178 ./Drivers/STM32F7xx_HAL_Driver/Src/stm32f7xx_hal_tim_ex.o
 .debug_aranges
                0x0000000000000da8      0x228 ./Drivers/STM32F7xx_HAL_Driver/Src/stm32f7xx_hal_uart.o
 .debug_aranges
                0x0000000000000fd0      0x1a8 ./Drivers/STM32F7xx_HAL_Driver/Src/stm32f7xx_ll_usb.o

.debug_ranges   0x0000000000000000     0x1020
 .debug_ranges  0x0000000000000000       0x18 ./Core/Src/controller.o
 .debug_ranges  0x0000000000000018       0x10 ./Core/Src/gpio.o
 .debug_ranges  0x0000000000000028       0x18 ./Core/Src/hcsr04.o
 .debug_ranges  0x0000000000000040       0x30 ./Core/Src/main.o
 .debug_ranges  0x0000000000000070       0x30 ./Core/Src/motor.o
 .debug_ranges  0x00000000000000a0       0x30 ./Core/Src/robot.o
 .debug_ranges  0x00000000000000d0       0x10 ./Core/Src/stm32f7xx_hal_msp.o
 .debug_ranges  0x00000000000000e0       0x68 ./Core/Src/stm32f7xx_it.o
 .debug_ranges  0x0000000000000148       0x18 ./Core/Src/system_stm32f7xx.o
 .debug_ranges  0x0000000000000160       0x50 ./Core/Src/tim.o
 .debug_ranges  0x00000000000001b0       0x20 ./Core/Src/usart.o
 .debug_ranges  0x00000000000001d0       0x20 ./Core/Src/usb_otg.o
 .debug_ranges  0x00000000000001f0       0x20 ./Core/Startup/startup_stm32f746zgtx.o
 .debug_ranges  0x0000000000000210       0xf0 ./Drivers/STM32F7xx_HAL_Driver/Src/stm32f7xx_hal.o
 .debug_ranges  0x0000000000000300      0x108 ./Drivers/STM32F7xx_HAL_Driver/Src/stm32f7xx_hal_cortex.o
 .debug_ranges  0x0000000000000408       0x48 ./Drivers/STM32F7xx_HAL_Driver/Src/stm32f7xx_hal_gpio.o
 .debug_ranges  0x0000000000000450      0x138 ./Drivers/STM32F7xx_HAL_Driver/Src/stm32f7xx_hal_pcd.o
 .debug_ranges  0x0000000000000588       0x38 ./Drivers/STM32F7xx_HAL_Driver/Src/stm32f7xx_hal_pcd_ex.o
 .debug_ranges  0x00000000000005c0       0x90 ./Drivers/STM32F7xx_HAL_Driver/Src/stm32f7xx_hal_pwr.o
 .debug_ranges  0x0000000000000650       0x78 ./Drivers/STM32F7xx_HAL_Driver/Src/stm32f7xx_hal_rcc.o
 .debug_ranges  0x00000000000006c8       0x40 ./Drivers/STM32F7xx_HAL_Driver/Src/stm32f7xx_hal_rcc_ex.o
 .debug_ranges  0x0000000000000708      0x3d0 ./Drivers/STM32F7xx_HAL_Driver/Src/stm32f7xx_hal_tim.o
 .debug_ranges  0x0000000000000ad8      0x168 ./Drivers/STM32F7xx_HAL_Driver/Src/stm32f7xx_hal_tim_ex.o
 .debug_ranges  0x0000000000000c40      0x248 ./Drivers/STM32F7xx_HAL_Driver/Src/stm32f7xx_hal_uart.o
 .debug_ranges  0x0000000000000e88      0x198 ./Drivers/STM32F7xx_HAL_Driver/Src/stm32f7xx_ll_usb.o

.debug_macro    0x0000000000000000    0x27d1c
 .debug_macro   0x0000000000000000      0x21f ./Core/Src/controller.o
 .debug_macro   0x000000000000021f      0xa78 ./Core/Src/controller.o
 .debug_macro   0x0000000000000c97      0x299 ./Core/Src/controller.o
 .debug_macro   0x0000000000000f30       0x2e ./Core/Src/controller.o
 .debug_macro   0x0000000000000f5e       0x3b ./Core/Src/controller.o
 .debug_macro   0x0000000000000f99       0x22 ./Core/Src/controller.o
 .debug_macro   0x0000000000000fbb       0x8e ./Core/Src/controller.o
 .debug_macro   0x0000000000001049       0x51 ./Core/Src/controller.o
 .debug_macro   0x000000000000109a      0x103 ./Core/Src/controller.o
 .debug_macro   0x000000000000119d       0x6a ./Core/Src/controller.o
 .debug_macro   0x0000000000001207      0x1df ./Core/Src/controller.o
 .debug_macro   0x00000000000013e6       0x1c ./Core/Src/controller.o
 .debug_macro   0x0000000000001402       0x22 ./Core/Src/controller.o
 .debug_macro   0x0000000000001424       0xd9 ./Core/Src/controller.o
 .debug_macro   0x00000000000014fd     0x12cd ./Core/Src/controller.o
 .debug_macro   0x00000000000027ca      0x11f ./Core/Src/controller.o
 .debug_macro   0x00000000000028e9       0x19 ./Core/Src/controller.o
 .debug_macro   0x0000000000002902    0x1920a ./Core/Src/controller.o
 .debug_macro   0x000000000001bb0c       0x6d ./Core/Src/controller.o
 .debug_macro   0x000000000001bb79     0x3749 ./Core/Src/controller.o
 .debug_macro   0x000000000001f2c2      0x174 ./Core/Src/controller.o
 .debug_macro   0x000000000001f436       0x63 ./Core/Src/controller.o
 .debug_macro   0x000000000001f499     0x18ad ./Core/Src/controller.o
 .debug_macro   0x0000000000020d46      0x6c4 ./Core/Src/controller.o
 .debug_macro   0x000000000002140a      0x185 ./Core/Src/controller.o
 .debug_macro   0x000000000002158f      0x115 ./Core/Src/controller.o
 .debug_macro   0x00000000000216a4      0x1fd ./Core/Src/controller.o
 .debug_macro   0x00000000000218a1       0xa5 ./Core/Src/controller.o
 .debug_macro   0x0000000000021946      0x24f ./Core/Src/controller.o
 .debug_macro   0x0000000000021b95       0x41 ./Core/Src/controller.o
 .debug_macro   0x0000000000021bd6       0x58 ./Core/Src/controller.o
 .debug_macro   0x0000000000021c2e      0x236 ./Core/Src/controller.o
 .debug_macro   0x0000000000021e64      0x14e ./Core/Src/controller.o
 .debug_macro   0x0000000000021fb2      0x25a ./Core/Src/controller.o
 .debug_macro   0x000000000002220c       0x12 ./Core/Src/controller.o
 .debug_macro   0x000000000002221e      0x22c ./Core/Src/controller.o
 .debug_macro   0x000000000002244a       0x61 ./Core/Src/controller.o
 .debug_macro   0x00000000000224ab       0xa5 ./Core/Src/controller.o
 .debug_macro   0x0000000000022550      0x12e ./Core/Src/controller.o
 .debug_macro   0x000000000002267e      0x108 ./Core/Src/controller.o
 .debug_macro   0x0000000000022786       0x35 ./Core/Src/controller.o
 .debug_macro   0x00000000000227bb      0xa7c ./Core/Src/controller.o
 .debug_macro   0x0000000000023237       0x59 ./Core/Src/controller.o
 .debug_macro   0x0000000000023290      0x56d ./Core/Src/controller.o
 .debug_macro   0x00000000000237fd       0x44 ./Core/Src/controller.o
 .debug_macro   0x0000000000023841      0x256 ./Core/Src/controller.o
 .debug_macro   0x0000000000023a97       0xba ./Core/Src/controller.o
 .debug_macro   0x0000000000023b51      0x14d ./Core/Src/controller.o
 .debug_macro   0x0000000000023c9e      0x16c ./Core/Src/controller.o
 .debug_macro   0x0000000000023e0a      0x21f ./Core/Src/gpio.o
 .debug_macro   0x0000000000024029      0x225 ./Core/Src/hcsr04.o
 .debug_macro   0x000000000002424e      0x44a ./Core/Src/main.o
 .debug_macro   0x0000000000024698       0x52 ./Core/Src/main.o
 .debug_macro   0x00000000000246ea       0x1e ./Core/Src/main.o
 .debug_macro   0x0000000000024708       0x3c ./Core/Src/main.o
 .debug_macro   0x0000000000024744       0x34 ./Core/Src/main.o
 .debug_macro   0x0000000000024778       0x16 ./Core/Src/main.o
 .debug_macro   0x000000000002478e       0x35 ./Core/Src/main.o
 .debug_macro   0x00000000000247c3      0x341 ./Core/Src/main.o
 .debug_macro   0x0000000000024b04       0x10 ./Core/Src/main.o
 .debug_macro   0x0000000000024b14       0x16 ./Core/Src/main.o
 .debug_macro   0x0000000000024b2a       0x43 ./Core/Src/main.o
 .debug_macro   0x0000000000024b6d       0x34 ./Core/Src/main.o
 .debug_macro   0x0000000000024ba1       0x10 ./Core/Src/main.o
 .debug_macro   0x0000000000024bb1       0x58 ./Core/Src/main.o
 .debug_macro   0x0000000000024c09       0x71 ./Core/Src/main.o
 .debug_macro   0x0000000000024c7a       0x1c ./Core/Src/main.o
 .debug_macro   0x0000000000024c96      0x12a ./Core/Src/main.o
 .debug_macro   0x0000000000024dc0       0x10 ./Core/Src/main.o
 .debug_macro   0x0000000000024dd0       0x1c ./Core/Src/main.o
 .debug_macro   0x0000000000024dec       0x52 ./Core/Src/main.o
 .debug_macro   0x0000000000024e3e       0x22 ./Core/Src/main.o
 .debug_macro   0x0000000000024e60       0x10 ./Core/Src/main.o
 .debug_macro   0x0000000000024e70       0x52 ./Core/Src/main.o
 .debug_macro   0x0000000000024ec2       0xd5 ./Core/Src/main.o
 .debug_macro   0x0000000000024f97       0x1c ./Core/Src/main.o
 .debug_macro   0x0000000000024fb3       0x3d ./Core/Src/main.o
 .debug_macro   0x0000000000024ff0       0x16 ./Core/Src/main.o
 .debug_macro   0x0000000000025006      0x145 ./Core/Src/main.o
 .debug_macro   0x000000000002514b       0x16 ./Core/Src/main.o
 .debug_macro   0x0000000000025161       0x16 ./Core/Src/main.o
 .debug_macro   0x0000000000025177       0x29 ./Core/Src/main.o
 .debug_macro   0x00000000000251a0       0x16 ./Core/Src/main.o
 .debug_macro   0x00000000000251b6       0x20 ./Core/Src/main.o
 .debug_macro   0x00000000000251d6      0x3b2 ./Core/Src/motor.o
 .debug_macro   0x0000000000025588      0x21f ./Core/Src/robot.o
 .debug_macro   0x00000000000257a7      0x215 ./Core/Src/stm32f7xx_hal_msp.o
 .debug_macro   0x00000000000259bc      0x21f ./Core/Src/stm32f7xx_it.o
 .debug_macro   0x0000000000025bdb      0x206 ./Core/Src/system_stm32f7xx.o
 .debug_macro   0x0000000000025de1      0x21f ./Core/Src/tim.o
 .debug_macro   0x0000000000026000      0x21f ./Core/Src/usart.o
 .debug_macro   0x000000000002621f      0x21f ./Core/Src/usb_otg.o
 .debug_macro   0x000000000002643e      0x22a ./Drivers/STM32F7xx_HAL_Driver/Src/stm32f7xx_hal.o
 .debug_macro   0x0000000000026668      0x206 ./Drivers/STM32F7xx_HAL_Driver/Src/stm32f7xx_hal_cortex.o
 .debug_macro   0x000000000002686e      0x20c ./Drivers/STM32F7xx_HAL_Driver/Src/stm32f7xx_hal_gpio.o
 .debug_macro   0x0000000000026a7a      0x212 ./Drivers/STM32F7xx_HAL_Driver/Src/stm32f7xx_hal_pcd.o
 .debug_macro   0x0000000000026c8c      0x206 ./Drivers/STM32F7xx_HAL_Driver/Src/stm32f7xx_hal_pcd_ex.o
 .debug_macro   0x0000000000026e92      0x224 ./Drivers/STM32F7xx_HAL_Driver/Src/stm32f7xx_hal_pwr.o
 .debug_macro   0x00000000000270b6      0x22a ./Drivers/STM32F7xx_HAL_Driver/Src/stm32f7xx_hal_rcc.o
 .debug_macro   0x00000000000272e0      0x206 ./Drivers/STM32F7xx_HAL_Driver/Src/stm32f7xx_hal_rcc_ex.o
 .debug_macro   0x00000000000274e6      0x207 ./Drivers/STM32F7xx_HAL_Driver/Src/stm32f7xx_hal_tim.o
 .debug_macro   0x00000000000276ed      0x206 ./Drivers/STM32F7xx_HAL_Driver/Src/stm32f7xx_hal_tim_ex.o
 .debug_macro   0x00000000000278f3      0x223 ./Drivers/STM32F7xx_HAL_Driver/Src/stm32f7xx_hal_uart.o
 .debug_macro   0x0000000000027b16      0x206 ./Drivers/STM32F7xx_HAL_Driver/Src/stm32f7xx_ll_usb.o

.debug_line     0x0000000000000000    0x16e68
 .debug_line    0x0000000000000000      0x7a9 ./Core/Src/controller.o
 .debug_line    0x00000000000007a9      0x7b0 ./Core/Src/gpio.o
 .debug_line    0x0000000000000f59      0x74a ./Core/Src/hcsr04.o
 .debug_line    0x00000000000016a3      0xa87 ./Core/Src/main.o
 .debug_line    0x000000000000212a      0xb77 ./Core/Src/motor.o
 .debug_line    0x0000000000002ca1      0x7c4 ./Core/Src/robot.o
 .debug_line    0x0000000000003465      0x72d ./Core/Src/stm32f7xx_hal_msp.o
 .debug_line    0x0000000000003b92      0x838 ./Core/Src/stm32f7xx_it.o
 .debug_line    0x00000000000043ca      0x7ad ./Core/Src/system_stm32f7xx.o
 .debug_line    0x0000000000004b77      0x9ff ./Core/Src/tim.o
 .debug_line    0x0000000000005576      0x7af ./Core/Src/usart.o
 .debug_line    0x0000000000005d25      0x7be ./Core/Src/usb_otg.o
 .debug_line    0x00000000000064e3       0x88 ./Core/Startup/startup_stm32f746zgtx.o
 .debug_line    0x000000000000656b      0xa3e ./Drivers/STM32F7xx_HAL_Driver/Src/stm32f7xx_hal.o
 .debug_line    0x0000000000006fa9      0xcc4 ./Drivers/STM32F7xx_HAL_Driver/Src/stm32f7xx_hal_cortex.o
 .debug_line    0x0000000000007c6d      0xbb2 ./Drivers/STM32F7xx_HAL_Driver/Src/stm32f7xx_hal_gpio.o
 .debug_line    0x000000000000881f     0x1489 ./Drivers/STM32F7xx_HAL_Driver/Src/stm32f7xx_hal_pcd.o
 .debug_line    0x0000000000009ca8      0x83f ./Drivers/STM32F7xx_HAL_Driver/Src/stm32f7xx_hal_pcd_ex.o
 .debug_line    0x000000000000a4e7      0x942 ./Drivers/STM32F7xx_HAL_Driver/Src/stm32f7xx_hal_pwr.o
 .debug_line    0x000000000000ae29      0xe81 ./Drivers/STM32F7xx_HAL_Driver/Src/stm32f7xx_hal_rcc.o
 .debug_line    0x000000000000bcaa      0xe3a ./Drivers/STM32F7xx_HAL_Driver/Src/stm32f7xx_hal_rcc_ex.o
 .debug_line    0x000000000000cae4     0x3c62 ./Drivers/STM32F7xx_HAL_Driver/Src/stm32f7xx_hal_tim.o
 .debug_line    0x0000000000010746     0x1b3a ./Drivers/STM32F7xx_HAL_Driver/Src/stm32f7xx_hal_tim_ex.o
 .debug_line    0x0000000000012280     0x30f2 ./Drivers/STM32F7xx_HAL_Driver/Src/stm32f7xx_hal_uart.o
 .debug_line    0x0000000000015372     0x1af6 ./Drivers/STM32F7xx_HAL_Driver/Src/stm32f7xx_ll_usb.o

.debug_str      0x0000000000000000    0xf2c96
 .debug_str     0x0000000000000000    0xe96f1 ./Core/Src/controller.o
                                      0xe9daa (size before relaxing)
 .debug_str     0x00000000000e96f1      0x213 ./Core/Src/gpio.o
                                      0xe9f11 (size before relaxing)
 .debug_str     0x00000000000e9904      0x5d2 ./Core/Src/hcsr04.o
                                      0xea374 (size before relaxing)
 .debug_str     0x00000000000e9ed6     0x42fa ./Core/Src/main.o
                                      0xee873 (size before relaxing)
 .debug_str     0x00000000000ee1d0       0x2a ./Core/Src/motor.o
                                      0xee228 (size before relaxing)
 .debug_str     0x00000000000ee1fa       0x3a ./Core/Src/robot.o
                                      0xe9dda (size before relaxing)
 .debug_str     0x00000000000ee234       0x2c ./Core/Src/stm32f7xx_hal_msp.o
                                      0xe9e34 (size before relaxing)
 .debug_str     0x00000000000ee260      0x10f ./Core/Src/stm32f7xx_it.o
                                      0xea36c (size before relaxing)
 .debug_str     0x00000000000ee36f      0x1a4 ./Core/Src/system_stm32f7xx.o
                                      0xe99c5 (size before relaxing)
 .debug_str     0x00000000000ee513      0x8cd ./Core/Src/tim.o
                                      0xeadd7 (size before relaxing)
 .debug_str     0x00000000000eede0      0x4c8 ./Core/Src/usart.o
                                      0xea67a (size before relaxing)
 .debug_str     0x00000000000ef2a8      0x3ca ./Core/Src/usb_otg.o
                                      0xea5ec (size before relaxing)
 .debug_str     0x00000000000ef672       0x36 ./Core/Startup/startup_stm32f746zgtx.o
                                         0x86 (size before relaxing)
 .debug_str     0x00000000000ef6a8      0x416 ./Drivers/STM32F7xx_HAL_Driver/Src/stm32f7xx_hal.o
                                      0xea32e (size before relaxing)
 .debug_str     0x00000000000efabe      0x31c ./Drivers/STM32F7xx_HAL_Driver/Src/stm32f7xx_hal_cortex.o
                                      0xea319 (size before relaxing)
 .debug_str     0x00000000000efdda      0x105 ./Drivers/STM32F7xx_HAL_Driver/Src/stm32f7xx_hal_gpio.o
                                      0xe9a83 (size before relaxing)
 .debug_str     0x00000000000efedf      0x837 ./Drivers/STM32F7xx_HAL_Driver/Src/stm32f7xx_hal_pcd.o
                                      0xea3e2 (size before relaxing)
 .debug_str     0x00000000000f0716      0x12d ./Drivers/STM32F7xx_HAL_Driver/Src/stm32f7xx_hal_pcd_ex.o
                                      0xe9ce3 (size before relaxing)
 .debug_str     0x00000000000f0843      0x2ac ./Drivers/STM32F7xx_HAL_Driver/Src/stm32f7xx_hal_pwr.o
                                      0xe9c66 (size before relaxing)
 .debug_str     0x00000000000f0aef      0x23e ./Drivers/STM32F7xx_HAL_Driver/Src/stm32f7xx_hal_rcc.o
                                      0xe9d27 (size before relaxing)
 .debug_str     0x00000000000f0d2d      0x14f ./Drivers/STM32F7xx_HAL_Driver/Src/stm32f7xx_hal_rcc_ex.o
                                      0xe9c5f (size before relaxing)
 .debug_str     0x00000000000f0e7c      0xc54 ./Drivers/STM32F7xx_HAL_Driver/Src/stm32f7xx_hal_tim.o
                                      0xeacd8 (size before relaxing)
 .debug_str     0x00000000000f1ad0      0x4dc ./Drivers/STM32F7xx_HAL_Driver/Src/stm32f7xx_hal_tim_ex.o
                                      0xea52e (size before relaxing)
 .debug_str     0x00000000000f1fac      0x88a ./Drivers/STM32F7xx_HAL_Driver/Src/stm32f7xx_hal_uart.o
                                      0xea674 (size before relaxing)
 .debug_str     0x00000000000f2836      0x460 ./Drivers/STM32F7xx_HAL_Driver/Src/stm32f7xx_ll_usb.o
                                      0xea268 (size before relaxing)

.comment        0x0000000000000000       0x50
 .comment       0x0000000000000000       0x50 ./Core/Src/controller.o
                                         0x51 (size before relaxing)
 .comment       0x0000000000000050       0x51 ./Core/Src/gpio.o
 .comment       0x0000000000000050       0x51 ./Core/Src/hcsr04.o
 .comment       0x0000000000000050       0x51 ./Core/Src/main.o
 .comment       0x0000000000000050       0x51 ./Core/Src/motor.o
 .comment       0x0000000000000050       0x51 ./Core/Src/robot.o
 .comment       0x0000000000000050       0x51 ./Core/Src/stm32f7xx_hal_msp.o
 .comment       0x0000000000000050       0x51 ./Core/Src/stm32f7xx_it.o
 .comment       0x0000000000000050       0x51 ./Core/Src/system_stm32f7xx.o
 .comment       0x0000000000000050       0x51 ./Core/Src/tim.o
 .comment       0x0000000000000050       0x51 ./Core/Src/usart.o
 .comment       0x0000000000000050       0x51 ./Core/Src/usb_otg.o
 .comment       0x0000000000000050       0x51 ./Drivers/STM32F7xx_HAL_Driver/Src/stm32f7xx_hal.o
 .comment       0x0000000000000050       0x51 ./Drivers/STM32F7xx_HAL_Driver/Src/stm32f7xx_hal_cortex.o
 .comment       0x0000000000000050       0x51 ./Drivers/STM32F7xx_HAL_Driver/Src/stm32f7xx_hal_gpio.o
 .comment       0x0000000000000050       0x51 ./Drivers/STM32F7xx_HAL_Driver/Src/stm32f7xx_hal_pcd.o
 .comment       0x0000000000000050       0x51 ./Drivers/STM32F7xx_HAL_Driver/Src/stm32f7xx_hal_pcd_ex.o
 .comment       0x0000000000000050       0x51 ./Drivers/STM32F7xx_HAL_Driver/Src/stm32f7xx_hal_pwr.o
 .comment       0x0000000000000050       0x51 ./Drivers/STM32F7xx_HAL_Driver/Src/stm32f7xx_hal_rcc.o
 .comment       0x0000000000000050       0x51 ./Drivers/STM32F7xx_HAL_Driver/Src/stm32f7xx_hal_rcc_ex.o
 .comment       0x0000000000000050       0x51 ./Drivers/STM32F7xx_HAL_Driver/Src/stm32f7xx_hal_tim.o
 .comment       0x0000000000000050       0x51 ./Drivers/STM32F7xx_HAL_Driver/Src/stm32f7xx_hal_tim_ex.o
 .comment       0x0000000000000050       0x51 ./Drivers/STM32F7xx_HAL_Driver/Src/stm32f7xx_hal_uart.o
 .comment       0x0000000000000050       0x51 ./Drivers/STM32F7xx_HAL_Driver/Src/stm32f7xx_ll_usb.o

.debug_frame    0x0000000000000000     0x4850
 .debug_frame   0x0000000000000000       0x60 ./Core/Src/controller.o
 .debug_frame   0x0000000000000060       0x34 ./Core/Src/gpio.o
 .debug_frame   0x0000000000000094       0x5c ./Core/Src/hcsr04.o
 .debug_frame   0x00000000000000f0       0xb4 ./Core/Src/main.o
 .debug_frame   0x00000000000001a4       0xcc ./Core/Src/motor.o
 .debug_frame   0x0000000000000270       0xd8 ./Core/Src/robot.o
 .debug_frame   0x0000000000000348       0x38 ./Core/Src/stm32f7xx_hal_msp.o
 .debug_frame   0x0000000000000380      0x158 ./Core/Src/stm32f7xx_it.o
 .debug_frame   0x00000000000004d8       0x58 ./Core/Src/system_stm32f7xx.o
 .debug_frame   0x0000000000000530      0x15c ./Core/Src/tim.o
 .debug_frame   0x000000000000068c       0x78 ./Core/Src/usart.o
 .debug_frame   0x0000000000000704       0x78 ./Core/Src/usb_otg.o
 .debug_frame   0x000000000000077c      0x3b4 ./Drivers/STM32F7xx_HAL_Driver/Src/stm32f7xx_hal.o
 .debug_frame   0x0000000000000b30      0x498 ./Drivers/STM32F7xx_HAL_Driver/Src/stm32f7xx_hal_cortex.o
 .debug_frame   0x0000000000000fc8      0x14c ./Drivers/STM32F7xx_HAL_Driver/Src/stm32f7xx_hal_gpio.o
 .debug_frame   0x0000000000001114      0x5bc ./Drivers/STM32F7xx_HAL_Driver/Src/stm32f7xx_hal_pcd.o
 .debug_frame   0x00000000000016d0      0x100 ./Drivers/STM32F7xx_HAL_Driver/Src/stm32f7xx_hal_pcd_ex.o
 .debug_frame   0x00000000000017d0      0x254 ./Drivers/STM32F7xx_HAL_Driver/Src/stm32f7xx_hal_pwr.o
 .debug_frame   0x0000000000001a24      0x1f8 ./Drivers/STM32F7xx_HAL_Driver/Src/stm32f7xx_hal_rcc.o
 .debug_frame   0x0000000000001c1c      0x118 ./Drivers/STM32F7xx_HAL_Driver/Src/stm32f7xx_hal_rcc_ex.o
 .debug_frame   0x0000000000001d34     0x121c ./Drivers/STM32F7xx_HAL_Driver/Src/stm32f7xx_hal_tim.o
 .debug_frame   0x0000000000002f50      0x688 ./Drivers/STM32F7xx_HAL_Driver/Src/stm32f7xx_hal_tim_ex.o
 .debug_frame   0x00000000000035d8      0x9e4 ./Drivers/STM32F7xx_HAL_Driver/Src/stm32f7xx_hal_uart.o
 .debug_frame   0x0000000000003fbc      0x7e8 ./Drivers/STM32F7xx_HAL_Driver/Src/stm32f7xx_ll_usb.o
 .debug_frame   0x00000000000047a4       0x2c c:/st/stm32cubeide_1.10.1/stm32cubeide/plugins/com.st.stm32cube.ide.mcu.externaltools.gnu-tools-for-stm32.10.3-2021.10.win32_1.0.0.202111181127/tools/bin/../lib/gcc/arm-none-eabi/10.3.1/../../../../arm-none-eabi/lib/thumb/v7e-m+fp/hard\libc_nano.a(lib_a-init.o)
 .debug_frame   0x00000000000047d0       0x20 c:/st/stm32cubeide_1.10.1/stm32cubeide/plugins/com.st.stm32cube.ide.mcu.externaltools.gnu-tools-for-stm32.10.3-2021.10.win32_1.0.0.202111181127/tools/bin/../lib/gcc/arm-none-eabi/10.3.1/../../../../arm-none-eabi/lib/thumb/v7e-m+fp/hard\libc_nano.a(lib_a-memset.o)
 .debug_frame   0x00000000000047f0       0x2c c:/st/stm32cubeide_1.10.1/stm32cubeide/plugins/com.st.stm32cube.ide.mcu.externaltools.gnu-tools-for-stm32.10.3-2021.10.win32_1.0.0.202111181127/tools/bin/../lib/gcc/arm-none-eabi/10.3.1/thumb/v7e-m+fp/hard\libgcc.a(_aeabi_uldivmod.o)
 .debug_frame   0x000000000000481c       0x34 c:/st/stm32cubeide_1.10.1/stm32cubeide/plugins/com.st.stm32cube.ide.mcu.externaltools.gnu-tools-for-stm32.10.3-2021.10.win32_1.0.0.202111181127/tools/bin/../lib/gcc/arm-none-eabi/10.3.1/thumb/v7e-m+fp/hard\libgcc.a(_udivmoddi4.o)
